[2026-06-11 07:00:04] 🦞 盘前子Agent 启动
[2026-06-11 07:00:04] ==================================================
[2026-06-11 07:00:04] 🦞 盘前Agent 启动 - 健康检测
[2026-06-11 07:00:10] 健康检测结果:
[2026-06-11 07:00:10]   新浪API: ❌ 失败: HTTPConnectionPool(host='hq.sinajs.cn', port=80): Read timed out. (read timeout=5)
[2026-06-11 07:00:10]   Git: ✅ 正常
[2026-06-11 07:00:10]   目录结构: ✅ 正常
[2026-06-11 07:00:10]   股票池: ✅ 17 只
[2026-06-11 08:25:00] 🦞 盘前子Agent 启动
[2026-06-11 08:25:00] ==================================================
[2026-06-11 08:25:00] 🔧 08:25 系统自检
[2026-06-11 08:25:00] 获取 17 只股票数据...
[2026-06-11 08:25:00]   上证指数: ¥11.13 🔴 +0.54%
[2026-06-11 08:25:00]   深证成指: ¥15268.72 🔴 +1.37%
[2026-06-11 08:25:00]   创业板指: ¥3961.75 🔴 +1.64%
[2026-06-11 08:25:00]   科创50: ¥42.10 🟢 -0.54%
[2026-06-11 08:25:00] 股票数据: 17/17 只有效
[2026-06-11 08:30:00] 🦞 盘前子Agent 启动
[2026-06-11 08:30:00] ==================================================
[2026-06-11 08:30:00] 📋 08:30 盘前简报生成
[2026-06-11 08:30:00] 推荐记录已写入: 7 只股票
[2026-06-11 09:28:00] 🦞 盘前子Agent 启动
[2026-06-11 09:28:00] ==================================================
[2026-06-11 09:28:00] 🎯 09:28 竞价推送
