[2026-05-14 10:00:04] 👁️ 盘中子Agent 启动
[2026-05-14 10:00:04] ==================================================
[2026-05-14 10:00:04] 👁️ 盘中实时监控
[2026-05-14 10:00:05] 大盘状态: ➡️ 震荡整理 (平均 -0.38%)
[2026-05-14 10:00:05] 异动股票: 0 只
[2026-05-14 10:30:00] 👁️ 盘中子Agent 启动
[2026-05-14 10:30:00] ==================================================
[2026-05-14 10:30:00] 👁️ 盘中实时监控
[2026-05-14 10:30:00] 大盘状态: ➡️ 震荡整理 (平均 -0.28%)
[2026-05-14 10:30:00] 异动股票: 0 只
[2026-05-14 11:00:04] 👁️ 盘中子Agent 启动
[2026-05-14 11:00:04] ==================================================
[2026-05-14 11:00:04] 👁️ 盘中实时监控
[2026-05-14 11:00:05] 大盘状态: 📉 温和下跌 (平均 -0.63%)
[2026-05-14 11:00:05] 异动股票: 0 只
[2026-05-14 11:28:05] 👁️ 盘中子Agent 启动
[2026-05-14 11:28:05] ==================================================
[2026-05-14 11:28:05] 📋 11:28 午盘总结
[2026-05-14 13:00:05] 👁️ 盘中子Agent 启动
[2026-05-14 13:00:05] ==================================================
[2026-05-14 13:00:05] 👁️ 盘中实时监控
[2026-05-14 13:00:05] 大盘状态: 📉 温和下跌 (平均 -0.88%)
[2026-05-14 13:00:05] 异动股票: 1 只
[2026-05-14 13:00:05]   长川科技(300604): -7.11% - 大跌，留意止损
[2026-05-14 13:30:05] 👁️ 盘中子Agent 启动
[2026-05-14 13:30:05] ==================================================
[2026-05-14 13:30:05] 👁️ 盘中实时监控
[2026-05-14 13:30:05] 大盘状态: ➡️ 震荡整理 (平均 -0.16%)
[2026-05-14 13:30:05] 异动股票: 0 只
[2026-05-14 14:00:06] 👁️ 盘中子Agent 启动
[2026-05-14 14:00:06] ==================================================
[2026-05-14 14:00:06] 👁️ 盘中实时监控
[2026-05-14 14:00:06] 大盘状态: ➡️ 震荡整理 (平均 -0.26%)
[2026-05-14 14:00:06] 异动股票: 1 只
[2026-05-14 14:00:06]   长川科技(300604): -7.75% - 大跌，留意止损
[2026-05-14 14:30:00] 👁️ 盘中子Agent 启动
[2026-05-14 14:30:00] ==================================================
[2026-05-14 14:30:00] 👁️ 盘中实时监控
[2026-05-14 14:30:00] 大盘状态: ➡️ 震荡整理 (平均 -0.08%)
[2026-05-14 14:30:00] 异动股票: 0 只
[2026-05-14 14:45:04] 👁️ 盘中子Agent 启动
[2026-05-14 14:45:04] ==================================================
[2026-05-14 14:45:04] 📊 14:45 尾盘推荐
