[2026-06-29 10:00:04] 👁️ 盘中子Agent 启动
[2026-06-29 10:00:04] ==================================================
[2026-06-29 10:00:04] 👁️ 盘中实时监控
[2026-06-29 10:00:05] 大盘状态: ➡️ 震荡整理 (平均 -0.39%)
[2026-06-29 10:00:05] 异动股票: 0 只
[2026-06-29 10:30:05] 👁️ 盘中子Agent 启动
[2026-06-29 10:30:05] ==================================================
[2026-06-29 10:30:05] 👁️ 盘中实时监控
[2026-06-29 10:30:06] 大盘状态: ➡️ 震荡整理 (平均 -0.49%)
[2026-06-29 10:30:06] 异动股票: 0 只
[2026-06-29 11:00:00] 👁️ 盘中子Agent 启动
[2026-06-29 11:00:00] ==================================================
[2026-06-29 11:00:00] 👁️ 盘中实时监控
[2026-06-29 11:00:00] 大盘状态: 📉 温和下跌 (平均 -0.58%)
[2026-06-29 11:00:00] 异动股票: 0 只
[2026-06-29 11:28:00] 👁️ 盘中子Agent 启动
[2026-06-29 11:28:00] ==================================================
[2026-06-29 11:28:00] 📋 11:28 午盘总结
[2026-06-29 13:00:00] 👁️ 盘中子Agent 启动
[2026-06-29 13:00:00] ==================================================
[2026-06-29 13:00:00] 👁️ 盘中实时监控
[2026-06-29 13:00:00] 大盘状态: 📉 温和下跌 (平均 -0.65%)
[2026-06-29 13:00:00] 异动股票: 0 只
[2026-06-29 13:30:00] 👁️ 盘中子Agent 启动
[2026-06-29 13:30:00] ==================================================
[2026-06-29 13:30:00] 👁️ 盘中实时监控
[2026-06-29 13:30:00] 大盘状态: 📉 温和下跌 (平均 -0.60%)
[2026-06-29 13:30:00] 异动股票: 0 只
[2026-06-29 14:00:00] 👁️ 盘中子Agent 启动
[2026-06-29 14:00:00] ==================================================
[2026-06-29 14:00:00] 👁️ 盘中实时监控
[2026-06-29 14:00:00] 大盘状态: ➡️ 震荡整理 (平均 -0.37%)
[2026-06-29 14:00:00] 异动股票: 0 只
[2026-06-29 14:30:00] 👁️ 盘中子Agent 启动
[2026-06-29 14:30:00] ==================================================
[2026-06-29 14:30:00] 👁️ 盘中实时监控
[2026-06-29 14:30:00] 大盘状态: ➡️ 震荡整理 (平均 -0.46%)
[2026-06-29 14:30:00] 异动股票: 0 只
[2026-06-29 14:45:00] 👁️ 盘中子Agent 启动
[2026-06-29 14:45:00] ==================================================
[2026-06-29 14:45:00] 📊 14:45 尾盘推荐
