[2026-05-28 07:00:00] 🦞 盘前子Agent 启动
[2026-05-28 07:00:00] ==================================================
[2026-05-28 07:00:00] 🦞 盘前Agent 启动 - 健康检测
[2026-05-28 07:00:05] 健康检测结果:
[2026-05-28 07:00:05]   新浪API: ❌ 失败: HTTPConnectionPool(host='hq.sinajs.cn', port=80): Read timed out. (read timeout=5)
[2026-05-28 07:00:05]   Git: ✅ 正常
[2026-05-28 07:00:05]   目录结构: ✅ 正常
[2026-05-28 07:00:05]   股票池: ✅ 17 只
[2026-05-28 08:25:04] 🦞 盘前子Agent 启动
[2026-05-28 08:25:04] ==================================================
[2026-05-28 08:25:04] 🔧 08:25 系统自检
[2026-05-28 08:25:04] 获取 17 只股票数据...
[2026-05-28 08:25:04]   上证指数: ¥10.79 🔴 +0.28%
[2026-05-28 08:25:04]   深证成指: ¥15876.16 🔴 +0.05%
[2026-05-28 08:25:04]   创业板指: ¥4043.07 🟢 -0.26%
[2026-05-28 08:25:04]   科创50: ¥45.64 🔴 +0.77%
[2026-05-28 08:25:04] 股票数据: 17/17 只有效
[2026-05-28 08:30:05] 🦞 盘前子Agent 启动
[2026-05-28 08:30:05] ==================================================
[2026-05-28 08:30:05] 📋 08:30 盘前简报生成
[2026-05-28 08:30:06] 推荐记录已写入: 9 只股票
[2026-05-28 09:28:04] 🦞 盘前子Agent 启动
[2026-05-28 09:28:04] ==================================================
[2026-05-28 09:28:04] 🎯 09:28 竞价推送
