[2026-06-22 10:00:03] 👁️ 盘中子Agent 启动
[2026-06-22 10:00:03] ==================================================
[2026-06-22 10:00:03] 👁️ 盘中实时监控
[2026-06-22 10:00:04] 大盘状态: ➡️ 震荡整理 (平均 +0.26%)
[2026-06-22 10:00:04] 异动股票: 1 只
[2026-06-22 10:00:04]   三安光电(600703): -7.24% - 走弱，注意风险
[2026-06-22 10:30:00] 👁️ 盘中子Agent 启动
[2026-06-22 10:30:00] ==================================================
[2026-06-22 10:30:00] 👁️ 盘中实时监控
[2026-06-22 10:30:00] 大盘状态: ➡️ 震荡整理 (平均 +0.31%)
[2026-06-22 10:30:00] 异动股票: 1 只
[2026-06-22 10:30:00]   三安光电(600703): -7.24% - 走弱，注意风险
[2026-06-22 11:00:00] 👁️ 盘中子Agent 启动
[2026-06-22 11:00:00] ==================================================
[2026-06-22 11:00:00] 👁️ 盘中实时监控
[2026-06-22 11:00:00] 大盘状态: 📈 温和上涨 (平均 +0.57%)
[2026-06-22 11:00:00] 异动股票: 1 只
[2026-06-22 11:00:00]   三安光电(600703): -7.24% - 走弱，注意风险
[2026-06-22 11:28:00] 👁️ 盘中子Agent 启动
[2026-06-22 11:28:00] ==================================================
[2026-06-22 11:28:00] 📋 11:28 午盘总结
