[2026-05-12 10:00:00] 👁️ 盘中子Agent 启动
[2026-05-12 10:00:00] ==================================================
[2026-05-12 10:00:00] 👁️ 盘中实时监控
[2026-05-12 10:00:00] 大盘状态: 📉 温和下跌 (平均 -0.64%)
[2026-05-12 10:00:00] 异动股票: 0 只
[2026-05-12 10:30:00] 👁️ 盘中子Agent 启动
[2026-05-12 10:30:00] ==================================================
[2026-05-12 10:30:00] 👁️ 盘中实时监控
[2026-05-12 10:30:00] 大盘状态: 📉 温和下跌 (平均 -1.14%)
[2026-05-12 10:30:00] 异动股票: 0 只
[2026-05-12 11:00:04] 👁️ 盘中子Agent 启动
[2026-05-12 11:00:04] ==================================================
[2026-05-12 11:00:04] 👁️ 盘中实时监控
[2026-05-12 11:00:04] 大盘状态: 📉 温和下跌 (平均 -0.84%)
[2026-05-12 11:00:04] 异动股票: 0 只
[2026-05-12 11:28:02] 👁️ 盘中子Agent 启动
[2026-05-12 11:28:02] ==================================================
[2026-05-12 11:28:02] 📋 11:28 午盘总结
[2026-05-12 13:00:00] 👁️ 盘中子Agent 启动
[2026-05-12 13:00:00] ==================================================
[2026-05-12 13:00:00] 👁️ 盘中实时监控
[2026-05-12 13:00:00] 大盘状态: 📉 温和下跌 (平均 -0.89%)
[2026-05-12 13:00:00] 异动股票: 0 只
[2026-05-12 13:30:00] 👁️ 盘中子Agent 启动
[2026-05-12 13:30:00] ==================================================
[2026-05-12 13:30:00] 👁️ 盘中实时监控
[2026-05-12 13:30:00] 大盘状态: 📉 温和下跌 (平均 -1.03%)
[2026-05-12 13:30:00] 异动股票: 1 只
[2026-05-12 13:30:00]   中际旭创(300308): +8.45% - 大涨，追高谨慎
[2026-05-12 14:00:00] 👁️ 盘中子Agent 启动
[2026-05-12 14:00:00] ==================================================
[2026-05-12 14:00:00] 👁️ 盘中实时监控
[2026-05-12 14:00:00] 大盘状态: 📉 温和下跌 (平均 -1.13%)
[2026-05-12 14:00:00] 异动股票: 1 只
[2026-05-12 14:00:00]   中际旭创(300308): +7.79% - 大涨，追高谨慎
[2026-05-12 14:30:00] 👁️ 盘中子Agent 启动
[2026-05-12 14:30:00] ==================================================
[2026-05-12 14:30:00] 👁️ 盘中实时监控
[2026-05-12 14:30:00] 大盘状态: 📉 温和下跌 (平均 -1.23%)
[2026-05-12 14:30:00] 异动股票: 1 只
[2026-05-12 14:30:00]   中际旭创(300308): +8.07% - 大涨，追高谨慎
[2026-05-12 14:45:00] 👁️ 盘中子Agent 启动
[2026-05-12 14:45:00] ==================================================
[2026-05-12 14:45:00] 📊 14:45 尾盘推荐
