[2026-08-19 07:00:00] 🦞 盘前子Agent 启动
[2026-08-19 07:00:00] ==================================================
[2026-08-19 07:00:00] 🦞 盘前Agent 启动 - 健康检测
[2026-08-19 07:00:05] 健康检测结果:
[2026-08-19 07:00:05]   新浪API: ❌ 失败: HTTPConnectionPool(host='hq.sinajs.cn', port=80): Read timed out. (read timeout=5)
[2026-08-19 07:00:05]   Git: ✅ 正常
[2026-08-19 07:00:05]   目录结构: ✅ 正常
[2026-08-19 07:00:05]   股票池: ✅ 17 只
[2026-08-19 08:25:00] 🦞 盘前子Agent 启动
[2026-08-19 08:25:00] ==================================================
[2026-08-19 08:25:00] 🔧 08:25 系统自检
[2026-08-19 08:25:00] 获取 17 只股票数据...
[2026-08-19 08:25:00]   上证指数: ¥11.10 ⚪ 0.00%
[2026-08-19 08:25:00]   深证成指: ¥14704.27 🔴 +0.08%
[2026-08-19 08:25:00]   创业板指: ¥3740.16 🔴 +0.25%
[2026-08-19 08:25:00]   科创50: ¥32.13 🟢 -0.03%
[2026-08-19 08:25:00] 股票数据: 17/17 只有效
[2026-08-19 08:30:00] 🦞 盘前子Agent 启动
[2026-08-19 08:30:00] ==================================================
[2026-08-19 08:30:00] 📋 08:30 盘前简报生成
[2026-08-19 08:30:00] 推荐记录已写入: 9 只股票
