[2026-08-05 10:00:00] 👁️ 盘中子Agent 启动
[2026-08-05 10:00:00] ==================================================
[2026-08-05 10:00:00] 👁️ 盘中实时监控
[2026-08-05 10:00:00] 大盘状态: 📈 温和上涨 (平均 +0.89%)
[2026-08-05 10:00:00] 异动股票: 0 只
[2026-08-05 10:30:01] 👁️ 盘中子Agent 启动
[2026-08-05 10:30:01] ==================================================
[2026-08-05 10:30:01] 👁️ 盘中实时监控
[2026-08-05 10:30:02] 大盘状态: 📈 温和上涨 (平均 +0.89%)
[2026-08-05 10:30:02] 异动股票: 0 只
[2026-08-05 11:00:00] 👁️ 盘中子Agent 启动
[2026-08-05 11:00:00] ==================================================
[2026-08-05 11:00:00] 👁️ 盘中实时监控
[2026-08-05 11:00:00] 大盘状态: 📈 温和上涨 (平均 +0.89%)
[2026-08-05 11:00:00] 异动股票: 0 只
[2026-08-05 11:28:00] 👁️ 盘中子Agent 启动
[2026-08-05 11:28:00] ==================================================
[2026-08-05 11:28:00] 📋 11:28 午盘总结
[2026-08-05 13:00:01] 👁️ 盘中子Agent 启动
[2026-08-05 13:00:01] ==================================================
[2026-08-05 13:00:01] 👁️ 盘中实时监控
[2026-08-05 13:00:02] 大盘状态: 📈 温和上涨 (平均 +0.89%)
[2026-08-05 13:00:02] 异动股票: 0 只
[2026-08-05 13:30:00] 👁️ 盘中子Agent 启动
[2026-08-05 13:30:00] ==================================================
[2026-08-05 13:30:00] 👁️ 盘中实时监控
[2026-08-05 13:30:00] 大盘状态: 📈 温和上涨 (平均 +0.89%)
[2026-08-05 13:30:00] 异动股票: 0 只
[2026-08-05 14:00:00] 👁️ 盘中子Agent 启动
[2026-08-05 14:00:00] ==================================================
[2026-08-05 14:00:00] 👁️ 盘中实时监控
[2026-08-05 14:00:00] 大盘状态: 📈 温和上涨 (平均 +0.89%)
[2026-08-05 14:00:00] 异动股票: 0 只
[2026-08-05 14:30:00] 👁️ 盘中子Agent 启动
[2026-08-05 14:30:00] ==================================================
[2026-08-05 14:30:00] 👁️ 盘中实时监控
[2026-08-05 14:30:00] 大盘状态: 📈 温和上涨 (平均 +0.89%)
[2026-08-05 14:30:00] 异动股票: 0 只
[2026-08-05 14:45:00] 👁️ 盘中子Agent 启动
[2026-08-05 14:45:00] ==================================================
[2026-08-05 14:45:00] 📊 14:45 尾盘推荐
