[2026-06-26 10:00:00] 👁️ 盘中子Agent 启动
[2026-06-26 10:00:00] ==================================================
[2026-06-26 10:00:00] 👁️ 盘中实时监控
[2026-06-26 10:00:00] 大盘状态: ➡️ 震荡整理 (平均 +0.41%)
[2026-06-26 10:00:00] 异动股票: 0 只
[2026-06-26 10:30:03] 👁️ 盘中子Agent 启动
[2026-06-26 10:30:03] ==================================================
[2026-06-26 10:30:03] 👁️ 盘中实时监控
[2026-06-26 10:30:04] 大盘状态: ➡️ 震荡整理 (平均 +0.22%)
[2026-06-26 10:30:04] 异动股票: 0 只
[2026-06-26 11:00:05] 👁️ 盘中子Agent 启动
[2026-06-26 11:00:05] ==================================================
[2026-06-26 11:00:05] 👁️ 盘中实时监控
[2026-06-26 11:00:06] 大盘状态: ➡️ 震荡整理 (平均 +0.15%)
[2026-06-26 11:00:06] 异动股票: 0 只
[2026-06-26 11:28:00] 👁️ 盘中子Agent 启动
[2026-06-26 11:28:00] ==================================================
[2026-06-26 11:28:00] 📋 11:28 午盘总结
[2026-06-26 13:00:00] 👁️ 盘中子Agent 启动
[2026-06-26 13:00:00] ==================================================
[2026-06-26 13:00:00] 👁️ 盘中实时监控
[2026-06-26 13:00:00] 大盘状态: ➡️ 震荡整理 (平均 +0.29%)
[2026-06-26 13:00:00] 异动股票: 0 只
[2026-06-26 13:30:00] 👁️ 盘中子Agent 启动
[2026-06-26 13:30:00] ==================================================
[2026-06-26 13:30:00] 👁️ 盘中实时监控
[2026-06-26 13:30:00] 大盘状态: ➡️ 震荡整理 (平均 +0.34%)
[2026-06-26 13:30:00] 异动股票: 0 只
[2026-06-26 14:00:04] 👁️ 盘中子Agent 启动
[2026-06-26 14:00:04] ==================================================
[2026-06-26 14:00:04] 👁️ 盘中实时监控
[2026-06-26 14:00:05] 大盘状态: ➡️ 震荡整理 (平均 +0.27%)
[2026-06-26 14:00:05] 异动股票: 0 只
[2026-06-26 14:30:00] 👁️ 盘中子Agent 启动
[2026-06-26 14:30:00] ==================================================
[2026-06-26 14:30:00] 👁️ 盘中实时监控
[2026-06-26 14:30:00] 大盘状态: ➡️ 震荡整理 (平均 +0.20%)
[2026-06-26 14:30:00] 异动股票: 0 只
[2026-06-26 14:45:00] 👁️ 盘中子Agent 启动
[2026-06-26 14:45:00] ==================================================
[2026-06-26 14:45:00] 📊 14:45 尾盘推荐
