[2026-05-11 10:00:04] 👁️ 盘中子Agent 启动
[2026-05-11 10:00:04] ==================================================
[2026-05-11 10:00:04] 👁️ 盘中实时监控
[2026-05-11 10:00:04] 大盘状态: ➡️ 震荡整理 (平均 -0.28%)
[2026-05-11 10:00:04] 异动股票: 1 只
[2026-05-11 10:00:04]   长电科技(600584): +9.20% - 涨停！注意获利了结风险
[2026-05-11 10:30:00] 👁️ 盘中子Agent 启动
[2026-05-11 10:30:00] ==================================================
[2026-05-11 10:30:00] 👁️ 盘中实时监控
[2026-05-11 10:30:00] 大盘状态: ➡️ 震荡整理 (平均 +0.30%)
[2026-05-11 10:30:00] 异动股票: 2 只
[2026-05-11 10:30:00]   长电科技(600584): +10.01% - 涨停！注意获利了结风险
[2026-05-11 10:30:00]   北京君正(300223): +8.68% - 大涨，追高谨慎
[2026-05-11 11:00:00] 👁️ 盘中子Agent 启动
[2026-05-11 11:00:00] ==================================================
[2026-05-11 11:00:00] 👁️ 盘中实时监控
[2026-05-11 11:00:00] 大盘状态: ➡️ 震荡整理 (平均 +0.45%)
[2026-05-11 11:00:00] 异动股票: 3 只
[2026-05-11 11:00:00]   长川科技(300604): +18.25% - 涨停！注意获利了结风险
[2026-05-11 11:00:00]   长电科技(600584): +10.01% - 涨停！注意获利了结风险
[2026-05-11 11:00:00]   北京君正(300223): +8.79% - 大涨，追高谨慎
[2026-05-11 11:28:00] 👁️ 盘中子Agent 启动
[2026-05-11 11:28:00] ==================================================
[2026-05-11 11:28:00] 📋 11:28 午盘总结
