[2026-06-02 10:00:01] 👁️ 盘中子Agent 启动
[2026-06-02 10:00:01] ==================================================
[2026-06-02 10:00:01] 👁️ 盘中实时监控
[2026-06-02 10:00:02] 大盘状态: 📉 温和下跌 (平均 -0.69%)
[2026-06-02 10:00:02] 异动股票: 0 只
[2026-06-02 10:30:00] 👁️ 盘中子Agent 启动
[2026-06-02 10:30:00] ==================================================
[2026-06-02 10:30:00] 👁️ 盘中实时监控
[2026-06-02 10:30:00] 大盘状态: 📉 温和下跌 (平均 -0.69%)
[2026-06-02 10:30:00] 异动股票: 0 只
[2026-06-02 11:00:00] 👁️ 盘中子Agent 启动
[2026-06-02 11:00:00] ==================================================
[2026-06-02 11:00:00] 👁️ 盘中实时监控
[2026-06-02 11:00:00] 大盘状态: 📉 温和下跌 (平均 -0.69%)
[2026-06-02 11:00:00] 异动股票: 0 只
[2026-06-02 11:28:00] 👁️ 盘中子Agent 启动
[2026-06-02 11:28:00] ==================================================
[2026-06-02 11:28:00] 📋 11:28 午盘总结
[2026-06-02 13:00:00] 👁️ 盘中子Agent 启动
[2026-06-02 13:00:00] ==================================================
[2026-06-02 13:00:00] 👁️ 盘中实时监控
[2026-06-02 13:00:00] 大盘状态: 📉 温和下跌 (平均 -0.69%)
[2026-06-02 13:00:00] 异动股票: 0 只
[2026-06-02 13:30:00] 👁️ 盘中子Agent 启动
[2026-06-02 13:30:00] ==================================================
[2026-06-02 13:30:00] 👁️ 盘中实时监控
[2026-06-02 13:30:00] 大盘状态: 📉 温和下跌 (平均 -0.69%)
[2026-06-02 13:30:00] 异动股票: 0 只
[2026-06-02 14:00:00] 👁️ 盘中子Agent 启动
[2026-06-02 14:00:00] ==================================================
[2026-06-02 14:00:00] 👁️ 盘中实时监控
[2026-06-02 14:00:00] 大盘状态: 📉 温和下跌 (平均 -0.69%)
[2026-06-02 14:00:00] 异动股票: 0 只
[2026-06-02 14:30:02] 👁️ 盘中子Agent 启动
[2026-06-02 14:30:02] ==================================================
[2026-06-02 14:30:02] 👁️ 盘中实时监控
[2026-06-02 14:30:03] 大盘状态: 📉 温和下跌 (平均 -0.69%)
[2026-06-02 14:30:03] 异动股票: 0 只
[2026-06-02 14:45:00] 👁️ 盘中子Agent 启动
[2026-06-02 14:45:00] ==================================================
[2026-06-02 14:45:00] 📊 14:45 尾盘推荐
