[2026-06-15 10:00:05] 👁️ 盘中子Agent 启动
[2026-06-15 10:00:05] ==================================================
[2026-06-15 10:00:05] 👁️ 盘中实时监控
[2026-06-15 10:00:06] 大盘状态: 📉 温和下跌 (平均 -1.14%)
[2026-06-15 10:00:06] 异动股票: 0 只
[2026-06-15 10:30:05] 👁️ 盘中子Agent 启动
[2026-06-15 10:30:05] ==================================================
[2026-06-15 10:30:05] 👁️ 盘中实时监控
[2026-06-15 10:30:06] 大盘状态: 📉 温和下跌 (平均 -1.71%)
[2026-06-15 10:30:06] 异动股票: 0 只
[2026-06-15 11:00:00] 👁️ 盘中子Agent 启动
[2026-06-15 11:00:00] ==================================================
[2026-06-15 11:00:00] 👁️ 盘中实时监控
[2026-06-15 11:00:00] 大盘状态: 📉 温和下跌 (平均 -1.59%)
[2026-06-15 11:00:00] 异动股票: 0 只
[2026-06-15 11:28:00] 👁️ 盘中子Agent 启动
[2026-06-15 11:28:00] ==================================================
[2026-06-15 11:28:00] 📋 11:28 午盘总结
[2026-06-15 13:00:00] 👁️ 盘中子Agent 启动
[2026-06-15 13:00:00] ==================================================
[2026-06-15 13:00:00] 👁️ 盘中实时监控
[2026-06-15 13:00:00] 大盘状态: ❄️ 大幅下跌 (平均 -2.29%)
[2026-06-15 13:00:00] 异动股票: 0 只
[2026-06-15 13:30:00] 👁️ 盘中子Agent 启动
[2026-06-15 13:30:00] ==================================================
[2026-06-15 13:30:00] 👁️ 盘中实时监控
[2026-06-15 13:30:00] 大盘状态: 📉 温和下跌 (平均 -1.79%)
[2026-06-15 13:30:00] 异动股票: 0 只
[2026-06-15 14:00:00] 👁️ 盘中子Agent 启动
[2026-06-15 14:00:00] ==================================================
[2026-06-15 14:00:00] 👁️ 盘中实时监控
[2026-06-15 14:00:00] 大盘状态: 📉 温和下跌 (平均 -1.52%)
[2026-06-15 14:00:00] 异动股票: 0 只
[2026-06-15 14:30:00] 👁️ 盘中子Agent 启动
[2026-06-15 14:30:00] ==================================================
[2026-06-15 14:30:00] 👁️ 盘中实时监控
[2026-06-15 14:30:00] 大盘状态: 📉 温和下跌 (平均 -1.60%)
[2026-06-15 14:30:00] 异动股票: 0 只
[2026-06-15 14:45:05] 👁️ 盘中子Agent 启动
[2026-06-15 14:45:05] ==================================================
[2026-06-15 14:45:05] 📊 14:45 尾盘推荐
