[2026-05-18 10:00:00] 👁️ 盘中子Agent 启动
[2026-05-18 10:00:00] ==================================================
[2026-05-18 10:00:00] 👁️ 盘中实时监控
[2026-05-18 10:00:00] 大盘状态: ➡️ 震荡整理 (平均 +0.45%)
[2026-05-18 10:00:00] 异动股票: 0 只
[2026-05-18 10:30:00] 👁️ 盘中子Agent 启动
[2026-05-18 10:30:00] ==================================================
[2026-05-18 10:30:00] 👁️ 盘中实时监控
[2026-05-18 10:30:00] 大盘状态: ➡️ 震荡整理 (平均 +0.45%)
[2026-05-18 10:30:00] 异动股票: 0 只
[2026-05-18 11:00:00] 👁️ 盘中子Agent 启动
[2026-05-18 11:00:00] ==================================================
[2026-05-18 11:00:00] 👁️ 盘中实时监控
[2026-05-18 11:00:00] 大盘状态: ➡️ 震荡整理 (平均 +0.45%)
[2026-05-18 11:00:00] 异动股票: 0 只
[2026-05-18 11:28:00] 👁️ 盘中子Agent 启动
[2026-05-18 11:28:00] ==================================================
[2026-05-18 11:28:00] 📋 11:28 午盘总结
[2026-05-18 13:00:00] 👁️ 盘中子Agent 启动
[2026-05-18 13:00:00] ==================================================
[2026-05-18 13:00:00] 👁️ 盘中实时监控
[2026-05-18 13:00:00] 大盘状态: ➡️ 震荡整理 (平均 +0.45%)
[2026-05-18 13:00:00] 异动股票: 0 只
[2026-05-18 13:30:00] 👁️ 盘中子Agent 启动
[2026-05-18 13:30:00] ==================================================
[2026-05-18 13:30:00] 👁️ 盘中实时监控
[2026-05-18 13:30:00] 大盘状态: ➡️ 震荡整理 (平均 +0.45%)
[2026-05-18 13:30:00] 异动股票: 0 只
[2026-05-18 14:00:00] 👁️ 盘中子Agent 启动
[2026-05-18 14:00:00] ==================================================
[2026-05-18 14:00:00] 👁️ 盘中实时监控
[2026-05-18 14:00:00] 大盘状态: ➡️ 震荡整理 (平均 +0.45%)
[2026-05-18 14:00:00] 异动股票: 0 只
[2026-05-18 14:30:00] 👁️ 盘中子Agent 启动
[2026-05-18 14:30:00] ==================================================
[2026-05-18 14:30:00] 👁️ 盘中实时监控
[2026-05-18 14:30:00] 大盘状态: ➡️ 震荡整理 (平均 +0.45%)
[2026-05-18 14:30:00] 异动股票: 0 只
[2026-05-18 14:45:02] 👁️ 盘中子Agent 启动
[2026-05-18 14:45:02] ==================================================
[2026-05-18 14:45:02] 📊 14:45 尾盘推荐
