[2026-07-21 07:00:00] 🦞 盘前子Agent 启动
[2026-07-21 07:00:00] ==================================================
[2026-07-21 07:00:00] 🦞 盘前Agent 启动 - 健康检测
[2026-07-21 07:00:05] 健康检测结果:
[2026-07-21 07:00:05]   新浪API: ❌ 失败: HTTPConnectionPool(host='hq.sinajs.cn', port=80): Read timed out. (read timeout=5)
[2026-07-21 07:00:05]   Git: ✅ 正常
[2026-07-21 07:00:05]   目录结构: ✅ 正常
[2026-07-21 07:00:05]   股票池: ✅ 17 只
[2026-07-21 08:25:00] 🦞 盘前子Agent 启动
[2026-07-21 08:25:00] ==================================================
[2026-07-21 08:25:00] 🔧 08:25 系统自检
[2026-07-21 08:25:00] 获取 17 只股票数据...
[2026-07-21 08:25:00]   上证指数: ¥10.78 🔴 +0.28%
[2026-07-21 08:25:00]   深证成指: ¥13706.88 🟢 -1.17%
[2026-07-21 08:25:00]   创业板指: ¥3428.63 🟢 -2.15%
[2026-07-21 08:25:00]   科创50: ¥26.85 🟢 -2.61%
[2026-07-21 08:25:00] 股票数据: 17/17 只有效
[2026-07-21 08:30:00] 🦞 盘前子Agent 启动
[2026-07-21 08:30:00] ==================================================
[2026-07-21 08:30:00] 📋 08:30 盘前简报生成
[2026-07-21 08:30:00] 推荐记录已写入: 9 只股票
