[2026-06-09 10:00:00] 👁️ 盘中子Agent 启动
[2026-06-09 10:00:00] ==================================================
[2026-06-09 10:00:00] 👁️ 盘中实时监控
[2026-06-09 10:00:00] 大盘状态: 📉 温和下跌 (平均 -0.73%)
[2026-06-09 10:00:00] 异动股票: 0 只
[2026-06-09 10:30:00] 👁️ 盘中子Agent 启动
[2026-06-09 10:30:00] ==================================================
[2026-06-09 10:30:00] 👁️ 盘中实时监控
[2026-06-09 10:30:00] 大盘状态: 📉 温和下跌 (平均 -0.73%)
[2026-06-09 10:30:00] 异动股票: 0 只
[2026-06-09 11:00:04] 👁️ 盘中子Agent 启动
[2026-06-09 11:00:04] ==================================================
[2026-06-09 11:00:04] 👁️ 盘中实时监控
[2026-06-09 11:00:05] 大盘状态: 📉 温和下跌 (平均 -0.73%)
[2026-06-09 11:00:05] 异动股票: 0 只
[2026-06-09 11:28:00] 👁️ 盘中子Agent 启动
[2026-06-09 11:28:00] ==================================================
[2026-06-09 11:28:00] 📋 11:28 午盘总结
[2026-06-09 13:00:00] 👁️ 盘中子Agent 启动
[2026-06-09 13:00:00] ==================================================
[2026-06-09 13:00:00] 👁️ 盘中实时监控
[2026-06-09 13:00:00] 大盘状态: 📉 温和下跌 (平均 -0.73%)
[2026-06-09 13:00:00] 异动股票: 0 只
[2026-06-09 13:30:00] 👁️ 盘中子Agent 启动
[2026-06-09 13:30:00] ==================================================
[2026-06-09 13:30:00] 👁️ 盘中实时监控
[2026-06-09 13:30:00] 大盘状态: 📉 温和下跌 (平均 -0.73%)
[2026-06-09 13:30:00] 异动股票: 0 只
[2026-06-09 14:00:00] 👁️ 盘中子Agent 启动
[2026-06-09 14:00:00] ==================================================
[2026-06-09 14:00:00] 👁️ 盘中实时监控
[2026-06-09 14:00:00] 大盘状态: 📉 温和下跌 (平均 -0.73%)
[2026-06-09 14:00:00] 异动股票: 0 只
[2026-06-09 14:30:00] 👁️ 盘中子Agent 启动
[2026-06-09 14:30:00] ==================================================
[2026-06-09 14:30:00] 👁️ 盘中实时监控
[2026-06-09 14:30:00] 大盘状态: 📉 温和下跌 (平均 -0.73%)
[2026-06-09 14:30:00] 异动股票: 0 只
[2026-06-09 14:45:00] 👁️ 盘中子Agent 启动
[2026-06-09 14:45:00] ==================================================
[2026-06-09 14:45:00] 📊 14:45 尾盘推荐
