[2026-07-17 10:00:00] 👁️ 盘中子Agent 启动
[2026-07-17 10:00:00] ==================================================
[2026-07-17 10:00:00] 👁️ 盘中实时监控
[2026-07-17 10:00:00] 大盘状态: 📈 温和上涨 (平均 +0.73%)
[2026-07-17 10:00:00] 异动股票: 0 只
[2026-07-17 10:30:00] 👁️ 盘中子Agent 启动
[2026-07-17 10:30:00] ==================================================
[2026-07-17 10:30:00] 👁️ 盘中实时监控
[2026-07-17 10:30:00] 大盘状态: 📈 温和上涨 (平均 +0.73%)
[2026-07-17 10:30:00] 异动股票: 0 只
[2026-07-17 11:00:00] 👁️ 盘中子Agent 启动
[2026-07-17 11:00:00] ==================================================
[2026-07-17 11:00:00] 👁️ 盘中实时监控
[2026-07-17 11:00:00] 大盘状态: 📈 温和上涨 (平均 +0.73%)
[2026-07-17 11:00:00] 异动股票: 0 只
[2026-07-17 11:28:04] 👁️ 盘中子Agent 启动
[2026-07-17 11:28:04] ==================================================
[2026-07-17 11:28:04] 📋 11:28 午盘总结
[2026-07-17 13:00:00] 👁️ 盘中子Agent 启动
[2026-07-17 13:00:00] ==================================================
[2026-07-17 13:00:00] 👁️ 盘中实时监控
[2026-07-17 13:00:00] 大盘状态: 📈 温和上涨 (平均 +0.73%)
[2026-07-17 13:00:00] 异动股票: 0 只
[2026-07-17 13:30:00] 👁️ 盘中子Agent 启动
[2026-07-17 13:30:00] ==================================================
[2026-07-17 13:30:00] 👁️ 盘中实时监控
[2026-07-17 13:30:00] 大盘状态: 📈 温和上涨 (平均 +0.73%)
[2026-07-17 13:30:00] 异动股票: 0 只
[2026-07-17 14:00:04] 👁️ 盘中子Agent 启动
[2026-07-17 14:00:04] ==================================================
[2026-07-17 14:00:04] 👁️ 盘中实时监控
[2026-07-17 14:00:05] 大盘状态: 📈 温和上涨 (平均 +0.73%)
[2026-07-17 14:00:05] 异动股票: 0 只
[2026-07-17 14:30:00] 👁️ 盘中子Agent 启动
[2026-07-17 14:30:00] ==================================================
[2026-07-17 14:30:00] 👁️ 盘中实时监控
[2026-07-17 14:30:00] 大盘状态: 📈 温和上涨 (平均 +0.73%)
[2026-07-17 14:30:00] 异动股票: 0 只
[2026-07-17 14:45:00] 👁️ 盘中子Agent 启动
[2026-07-17 14:45:00] ==================================================
[2026-07-17 14:45:00] 📊 14:45 尾盘推荐
