[2026-05-12 07:00:04] 🦞 盘前子Agent 启动
[2026-05-12 07:00:04] ==================================================
[2026-05-12 07:00:04] 🦞 盘前Agent 启动 - 健康检测
[2026-05-12 07:00:10] 健康检测结果:
[2026-05-12 07:00:10]   新浪API: ❌ 失败: HTTPConnectionPool(host='hq.sinajs.cn', port=80): Read timed out. (read timeout=5)
[2026-05-12 07:00:10]   Git: ✅ 正常
[2026-05-12 07:00:10]   目录结构: ✅ 正常
[2026-05-12 07:00:10]   股票池: ✅ 21 只
[2026-05-12 08:25:00] 🦞 盘前子Agent 启动
[2026-05-12 08:25:00] ==================================================
[2026-05-12 08:25:00] 🔧 08:25 系统自检
[2026-05-12 08:25:00] 获取 21 只股票数据...
[2026-05-12 08:25:00]   上证指数: ¥11.28 🟢 -0.18%
[2026-05-12 08:25:00]   深证成指: ¥15899.30 🔴 +2.16%
[2026-05-12 08:25:00]   创业板指: ¥3928.97 🔴 +3.50%
[2026-05-12 08:25:00]   科创50: ¥44.04 🟢 -3.21%
[2026-05-12 08:25:00] 股票数据: 21/21 只有效
[2026-05-12 08:30:04] 🦞 盘前子Agent 启动
[2026-05-12 08:30:04] ==================================================
[2026-05-12 08:30:04] 📋 08:30 盘前简报生成
