[2026-08-12 10:00:00] 👁️ 盘中子Agent 启动
[2026-08-12 10:00:00] ==================================================
[2026-08-12 10:00:00] 👁️ 盘中实时监控
[2026-08-12 10:00:00] 大盘状态: ➡️ 震荡整理 (平均 -0.19%)
[2026-08-12 10:00:00] 异动股票: 0 只
[2026-08-12 10:30:00] 👁️ 盘中子Agent 启动
[2026-08-12 10:30:00] ==================================================
[2026-08-12 10:30:00] 👁️ 盘中实时监控
[2026-08-12 10:30:00] 大盘状态: ➡️ 震荡整理 (平均 -0.26%)
[2026-08-12 10:30:00] 异动股票: 0 只
[2026-08-12 11:00:00] 👁️ 盘中子Agent 启动
[2026-08-12 11:00:00] ==================================================
[2026-08-12 11:00:00] 👁️ 盘中实时监控
[2026-08-12 11:00:00] 大盘状态: ➡️ 震荡整理 (平均 -0.21%)
[2026-08-12 11:00:00] 异动股票: 0 只
[2026-08-12 11:28:00] 👁️ 盘中子Agent 启动
[2026-08-12 11:28:00] ==================================================
[2026-08-12 11:28:00] 📋 11:28 午盘总结
[2026-08-12 13:00:00] 👁️ 盘中子Agent 启动
[2026-08-12 13:00:00] ==================================================
[2026-08-12 13:00:00] 👁️ 盘中实时监控
[2026-08-12 13:00:00] 大盘状态: ➡️ 震荡整理 (平均 -0.28%)
[2026-08-12 13:00:00] 异动股票: 0 只
[2026-08-12 13:30:04] 👁️ 盘中子Agent 启动
[2026-08-12 13:30:04] ==================================================
[2026-08-12 13:30:04] 👁️ 盘中实时监控
[2026-08-12 13:30:04] 大盘状态: ➡️ 震荡整理 (平均 -0.15%)
[2026-08-12 13:30:04] 异动股票: 0 只
[2026-08-12 14:00:05] 👁️ 盘中子Agent 启动
[2026-08-12 14:00:05] ==================================================
[2026-08-12 14:00:05] 👁️ 盘中实时监控
[2026-08-12 14:00:06] 大盘状态: ➡️ 震荡整理 (平均 -0.17%)
[2026-08-12 14:00:06] 异动股票: 0 只
[2026-08-12 14:30:05] 👁️ 盘中子Agent 启动
[2026-08-12 14:30:05] ==================================================
[2026-08-12 14:30:05] 👁️ 盘中实时监控
[2026-08-12 14:30:05] 大盘状态: ➡️ 震荡整理 (平均 -0.17%)
[2026-08-12 14:30:05] 异动股票: 0 只
[2026-08-12 14:45:00] 👁️ 盘中子Agent 启动
[2026-08-12 14:45:00] ==================================================
[2026-08-12 14:45:00] 📊 14:45 尾盘推荐
