[2026-05-08 07:00:00] 🦞 盘前子Agent 启动
[2026-05-08 07:00:00] ==================================================
[2026-05-08 07:00:00] 🦞 盘前Agent 启动 - 健康检测
[2026-05-08 07:00:05] 健康检测结果:
[2026-05-08 07:00:05]   新浪API: ❌ 失败: HTTPConnectionPool(host='hq.sinajs.cn', port=80): Read timed out. (read timeout=5)
[2026-05-08 07:00:05]   Git: ✅ 正常
[2026-05-08 07:00:05]   目录结构: ✅ 正常
[2026-05-08 07:00:05]   股票池: ✅ 21 只
[2026-05-08 08:25:00] 🦞 盘前子Agent 启动
[2026-05-08 08:25:00] ==================================================
[2026-05-08 08:25:00] 🔧 08:25 系统自检
[2026-05-08 08:25:00] 获取 21 只股票数据...
[2026-05-08 08:25:00]   上证指数: ¥11.37 🔴 +0.09%
[2026-05-08 08:25:00]   深证成指: ¥15641.89 🔴 +1.18%
[2026-05-08 08:25:00]   创业板指: ¥3833.06 🔴 +1.45%
[2026-05-08 08:25:00]   科创50: ¥48.03 🟢 -5.43%
[2026-05-08 08:25:00] 股票数据: 21/21 只有效
[2026-05-08 08:30:00] 🦞 盘前子Agent 启动
[2026-05-08 08:30:00] ==================================================
[2026-05-08 08:30:00] 📋 08:30 盘前简报生成
[report] 已保存: /Users/cai/code/AAna/reports/2026-05-08/盘前/2026-05-08_0830_早盘简报.md
[git] 已推送: feat: add 2026-05-08 pre-market briefing (auto)
[2026-05-08 09:28:00] 🦞 盘前子Agent 启动
[2026-05-08 09:28:00] ==================================================
[2026-05-08 09:28:00] 🎯 09:28 竞价推送
[report] 已保存: /Users/cai/code/AAna/reports/2026-05-08/竞价/2026-05-08_0928_竞价推送.md
[git] 已推送: feat: add 2026-05-08 competitive quote push (auto)
[2026-05-09 07:00:00] 🦞 盘前子Agent 启动
[2026-05-09 07:00:00] 今日非交易日，退出
[2026-05-09 08:25:00] 🦞 盘前子Agent 启动
[2026-05-09 08:25:00] 今日非交易日，退出
[2026-05-09 08:30:00] 🦞 盘前子Agent 启动
[2026-05-09 08:30:00] 今日非交易日，退出
[2026-05-09 09:28:00] 🦞 盘前子Agent 启动
[2026-05-09 09:28:00] 今日非交易日，退出
[2026-05-10 07:00:00] 🦞 盘前子Agent 启动
[2026-05-10 07:00:00] 今日非交易日，退出
[2026-05-10 08:25:04] 🦞 盘前子Agent 启动
[2026-05-10 08:25:04] 今日非交易日，退出
[2026-05-10 08:30:00] 🦞 盘前子Agent 启动
[2026-05-10 08:30:00] 今日非交易日，退出
[2026-05-10 09:28:00] 🦞 盘前子Agent 启动
[2026-05-10 09:28:00] 今日非交易日，退出
[2026-05-11 07:00:00] 🦞 盘前子Agent 启动
[2026-05-11 07:00:00] ==================================================
[2026-05-11 07:00:00] 🦞 盘前Agent 启动 - 健康检测
[2026-05-11 07:00:05] 健康检测结果:
[2026-05-11 07:00:05]   新浪API: ❌ 失败: HTTPConnectionPool(host='hq.sinajs.cn', port=80): Read timed out. (read timeout=5)
[2026-05-11 07:00:05]   Git: ✅ 正常
[2026-05-11 07:00:05]   目录结构: ✅ 正常
[2026-05-11 07:00:05]   股票池: ✅ 21 只
[2026-05-11 08:25:00] 🦞 盘前子Agent 启动
[2026-05-11 08:25:00] ==================================================
[2026-05-11 08:25:00] 🔧 08:25 系统自检
[2026-05-11 08:25:00] 获取 21 只股票数据...
[2026-05-11 08:25:00]   上证指数: ¥11.30 🟢 -0.62%
[2026-05-11 08:25:00]   深证成指: ¥15563.80 🟢 -0.50%
[2026-05-11 08:25:00]   创业板指: ¥3796.13 🟢 -0.96%
[2026-05-11 08:25:00]   科创50: ¥45.50 🟢 -5.27%
[2026-05-11 08:25:00] 股票数据: 21/21 只有效
