[2026-05-08 10:00:00] 👁️ 盘中子Agent 启动
[2026-05-08 10:00:00] ==================================================
[2026-05-08 10:00:00] 👁️ 盘中实时监控
[2026-05-08 10:00:00] 大盘状态: 📉 温和下跌 (平均 -0.52%)
[2026-05-08 10:00:00] 异动股票: 0 只
[2026-05-08 10:30:00] 👁️ 盘中子Agent 启动
[2026-05-08 10:30:00] ==================================================
[2026-05-08 10:30:00] 👁️ 盘中实时监控
[2026-05-08 10:30:00] 大盘状态: 📉 温和下跌 (平均 -1.36%)
[2026-05-08 10:30:00] 异动股票: 1 只
[2026-05-08 10:30:00]   五洲新春(603667): +10.01% - 涨停！注意获利了结风险
[2026-05-08 11:00:00] 👁️ 盘中子Agent 启动
[2026-05-08 11:00:00] ==================================================
[2026-05-08 11:00:00] 👁️ 盘中实时监控
[2026-05-08 11:00:00] 大盘状态: ❄️ 大幅下跌 (平均 -2.00%)
[2026-05-08 11:00:00] 异动股票: 1 只
[2026-05-08 11:00:00]   五洲新春(603667): +10.01% - 涨停！注意获利了结风险
[2026-05-08 11:28:00] 👁️ 盘中子Agent 启动
[2026-05-08 11:28:00] ==================================================
[2026-05-08 11:28:00] 📋 11:28 午盘总结
