[2026-07-02 10:00:05] 👁️ 盘中子Agent 启动
[2026-07-02 10:00:05] ==================================================
[2026-07-02 10:00:05] 👁️ 盘中实时监控
[2026-07-02 10:00:05] 大盘状态: 📈 温和上涨 (平均 +1.14%)
[2026-07-02 10:00:05] 异动股票: 2 只
[2026-07-02 10:00:05]   长电科技(600584): +7.72% - 强势拉升
[2026-07-02 10:00:05]   兆易创新(603986): +7.07% - 强势拉升
[2026-07-02 10:30:05] 👁️ 盘中子Agent 启动
[2026-07-02 10:30:05] ==================================================
[2026-07-02 10:30:05] 👁️ 盘中实时监控
[2026-07-02 10:30:06] 大盘状态: 📈 温和上涨 (平均 +1.14%)
[2026-07-02 10:30:06] 异动股票: 2 只
[2026-07-02 10:30:06]   长电科技(600584): +7.72% - 强势拉升
[2026-07-02 10:30:06]   兆易创新(603986): +7.07% - 强势拉升
[2026-07-02 11:00:04] 👁️ 盘中子Agent 启动
[2026-07-02 11:00:04] ==================================================
[2026-07-02 11:00:04] 👁️ 盘中实时监控
[2026-07-02 11:00:04] 大盘状态: 📈 温和上涨 (平均 +1.14%)
[2026-07-02 11:00:04] 异动股票: 2 只
[2026-07-02 11:00:04]   长电科技(600584): +7.72% - 强势拉升
[2026-07-02 11:00:04]   兆易创新(603986): +7.07% - 强势拉升
[2026-07-02 11:28:05] 👁️ 盘中子Agent 启动
[2026-07-02 11:28:05] ==================================================
[2026-07-02 11:28:05] 📋 11:28 午盘总结
