[2026-06-10 09:32:05] [daily_v24_sell] ============================================================
[2026-06-10 09:32:05] [daily_v24_sell] AAna v2.4 T+1 开盘卖出启动 (dry_run=False)
[2026-06-10 09:32:05] [daily_v24_sell] [1/4] 读 paper_trades.json 持仓...
[2026-06-10 09:32:05] [daily_v24_sell]   ⚠️ 无持仓，跳过
[2026-06-11 09:32:00] [daily_v24_sell] ============================================================
[2026-06-11 09:32:00] [daily_v24_sell] AAna v2.4 T+1 开盘卖出启动 (dry_run=False)
[2026-06-11 09:32:00] [daily_v24_sell] [1/4] 读 paper_trades.json 持仓...
[2026-06-11 09:32:00] [daily_v24_sell]   持仓 10 只: 603618, 002842, 002645, 603713, 603867, 605566, 605020, 603311, 600895, 605488
[2026-06-11 09:32:00] [daily_v24_sell] [2/4] 取 T+1 行情 + 调用 auto_sell_v24()...
[2026-06-11 09:32:00] [daily_v24_sell]   603618 T+1: O=39.87 H=39.55 L=39.87 C=39.0
[2026-06-11 09:32:00] [daily_v24_sell]   002842 T+1: O=36.68 H=36.77 L=37.69 C=36.15
[2026-06-11 09:32:01] [daily_v24_sell]   002645 T+1: O=31.7 H=32.41 L=32.59 C=31.18
[2026-06-11 09:32:02] [daily_v24_sell]   603713 T+1: O=54.38 H=54.61 L=55.3 C=54.38
[2026-06-11 09:32:02] [daily_v24_sell]   603867 T+1: O=38.85 H=38.75 L=39.34 C=38.71
[2026-06-11 09:32:03] [daily_v24_sell]   605566 T+1: O=43.78 H=42.92 L=43.78 C=42.92
[2026-06-11 09:32:03] [daily_v24_sell]   605020 T+1: O=32.68 H=32.41 L=33.06 C=32.36
[2026-06-11 09:32:04] [daily_v24_sell]   603311 T+1: O=37.48 H=38.06 L=38.58 C=37.48
[2026-06-11 09:32:04] [daily_v24_sell]   600895 T+1: O=31.0 H=31.97 L=31.97 C=31.0
[2026-06-11 09:32:05] [daily_v24_sell]   605488 T+1: O=34.8 H=35.13 L=35.45 C=34.8
[2026-06-11 09:32:05] [daily_v24_sell]   调用 paper_trading.auto_sell_v24()...
[v2.4] 603618 杭电股份 T+1 卖 @39.87 T1_open_sell -0.45%
[v2.4] 002842 翔鹭钨业 T+1 卖 @36.68 T1_open_sell +2.78%
[v2.4] 002645 华宏科技 T+1 卖 @31.70 T1_open_sell +0.59%
[v2.4] 603713 密尔克卫 T+1 卖 @54.38 T1_open_sell -2.24%
[v2.4] 603867 新化股份 T+1 卖 @38.85 T1_open_sell -1.27%
[v2.4] 605566 福莱蒽特 T+1 卖 @43.78 T1_open_sell -1.37%
[v2.4] 605020 永和股份 T+1 卖 @32.68 T1_open_sell -0.60%
[v2.4] 603311 金海高科 T+1 卖 @37.48 T1_open_sell -3.05%
[v2.4] 600895 张江高科 T+1 卖 @31.00 T1_open_sell -1.57%
[v2.4] 605488 福莱新材 T+1 卖 @34.80 T1_open_sell -2.58%
[2026-06-11 09:32:05] [daily_v24_sell]   触发卖出 10 笔
[2026-06-11 09:32:05] [daily_v24_sell] [3/4] 生成 Markdown 报告...
[2026-06-11 09:32:05] [daily_v24_sell]   报告已存: /Users/cai/code/AAna/reports/2026-06-11-v24-T1卖出.md
[2026-06-11 09:32:05] [daily_v24_sell] [4/4] 推送飞书...
[2026-06-11 09:32:05] [daily_v24_sell] ❌ 飞书推送失败: {
  "ok": false,
  "identity": "bot",
  "error": {
    "type": "config",
    "message": "not configured",
    "hint": "run `lark-cli config init --new` in the background. It blocks and outputs a verif
[2026-06-11 09:32:05] [daily_v24_sell] ✅ 完成
[2026-06-11 09:32:05] [daily_v24_sell] ============================================================
