[2026-06-04 10:00:03] 👁️ 盘中子Agent 启动
[2026-06-04 10:00:03] ==================================================
[2026-06-04 10:00:03] 👁️ 盘中实时监控
[2026-06-04 10:00:04] 大盘状态: 📈 温和上涨 (平均 +1.03%)
[2026-06-04 10:00:04] 异动股票: 0 只
[2026-06-04 10:30:00] 👁️ 盘中子Agent 启动
[2026-06-04 10:30:00] ==================================================
[2026-06-04 10:30:00] 👁️ 盘中实时监控
[2026-06-04 10:30:00] 大盘状态: 📈 温和上涨 (平均 +1.03%)
[2026-06-04 10:30:00] 异动股票: 0 只
[2026-06-04 11:00:00] 👁️ 盘中子Agent 启动
[2026-06-04 11:00:00] ==================================================
[2026-06-04 11:00:00] 👁️ 盘中实时监控
[2026-06-04 11:00:00] 大盘状态: 📈 温和上涨 (平均 +1.03%)
[2026-06-04 11:00:00] 异动股票: 0 只
[2026-06-04 11:28:00] 👁️ 盘中子Agent 启动
[2026-06-04 11:28:00] ==================================================
[2026-06-04 11:28:00] 📋 11:28 午盘总结
[2026-06-04 13:00:00] 👁️ 盘中子Agent 启动
[2026-06-04 13:00:00] ==================================================
[2026-06-04 13:00:00] 👁️ 盘中实时监控
[2026-06-04 13:00:00] 大盘状态: 📈 温和上涨 (平均 +1.03%)
[2026-06-04 13:00:00] 异动股票: 0 只
[2026-06-04 13:30:00] 👁️ 盘中子Agent 启动
[2026-06-04 13:30:00] ==================================================
[2026-06-04 13:30:00] 👁️ 盘中实时监控
[2026-06-04 13:30:00] 大盘状态: 📈 温和上涨 (平均 +1.03%)
[2026-06-04 13:30:00] 异动股票: 0 只
[2026-06-04 14:00:00] 👁️ 盘中子Agent 启动
[2026-06-04 14:00:00] ==================================================
[2026-06-04 14:00:00] 👁️ 盘中实时监控
[2026-06-04 14:00:00] 大盘状态: 📈 温和上涨 (平均 +1.03%)
[2026-06-04 14:00:00] 异动股票: 0 只
[2026-06-04 14:30:00] 👁️ 盘中子Agent 启动
[2026-06-04 14:30:00] ==================================================
[2026-06-04 14:30:00] 👁️ 盘中实时监控
[2026-06-04 14:30:00] 大盘状态: 📈 温和上涨 (平均 +1.03%)
[2026-06-04 14:30:00] 异动股票: 0 只
[2026-06-04 14:45:00] 👁️ 盘中子Agent 启动
[2026-06-04 14:45:00] ==================================================
[2026-06-04 14:45:00] 📊 14:45 尾盘推荐
