[2026-08-19 10:00:00] 👁️ 盘中子Agent 启动
[2026-08-19 10:00:00] ==================================================
[2026-08-19 10:00:00] 👁️ 盘中实时监控
[2026-08-19 10:00:01] 大盘状态: 📈 温和上涨 (平均 +1.58%)
[2026-08-19 10:00:01] 异动股票: 0 只
[2026-08-19 10:30:00] 👁️ 盘中子Agent 启动
[2026-08-19 10:30:00] ==================================================
[2026-08-19 10:30:00] 👁️ 盘中实时监控
[2026-08-19 10:30:00] 大盘状态: 📈 温和上涨 (平均 +1.58%)
[2026-08-19 10:30:00] 异动股票: 0 只
[2026-08-19 11:00:04] 👁️ 盘中子Agent 启动
[2026-08-19 11:00:04] ==================================================
[2026-08-19 11:00:04] 👁️ 盘中实时监控
[2026-08-19 11:00:05] 大盘状态: 📈 温和上涨 (平均 +1.58%)
[2026-08-19 11:00:05] 异动股票: 0 只
[2026-08-19 11:28:05] 👁️ 盘中子Agent 启动
[2026-08-19 11:28:05] ==================================================
[2026-08-19 11:28:05] 📋 11:28 午盘总结
[2026-08-19 13:00:00] 👁️ 盘中子Agent 启动
[2026-08-19 13:00:00] ==================================================
[2026-08-19 13:00:00] 👁️ 盘中实时监控
[2026-08-19 13:00:00] 大盘状态: 📈 温和上涨 (平均 +1.58%)
[2026-08-19 13:00:00] 异动股票: 0 只
[2026-08-19 13:30:01] 👁️ 盘中子Agent 启动
[2026-08-19 13:30:01] ==================================================
[2026-08-19 13:30:01] 👁️ 盘中实时监控
[2026-08-19 13:30:02] 大盘状态: 📈 温和上涨 (平均 +1.58%)
[2026-08-19 13:30:02] 异动股票: 0 只
[2026-08-19 14:00:00] 👁️ 盘中子Agent 启动
[2026-08-19 14:00:00] ==================================================
[2026-08-19 14:00:00] 👁️ 盘中实时监控
[2026-08-19 14:00:00] 大盘状态: 📈 温和上涨 (平均 +1.58%)
[2026-08-19 14:00:00] 异动股票: 0 只
[2026-08-19 14:30:02] 👁️ 盘中子Agent 启动
[2026-08-19 14:30:02] ==================================================
[2026-08-19 14:30:02] 👁️ 盘中实时监控
[2026-08-19 14:30:03] 大盘状态: 📈 温和上涨 (平均 +1.58%)
[2026-08-19 14:30:03] 异动股票: 0 只
[2026-08-19 14:45:00] 👁️ 盘中子Agent 启动
[2026-08-19 14:45:00] ==================================================
[2026-08-19 14:45:00] 📊 14:45 尾盘推荐
