[2026-05-20 07:00:02] 🦞 盘前子Agent 启动
[2026-05-20 07:00:02] ==================================================
[2026-05-20 07:00:02] 🦞 盘前Agent 启动 - 健康检测
[2026-05-20 07:00:07] 健康检测结果:
[2026-05-20 07:00:07]   新浪API: ❌ 失败: HTTPConnectionPool(host='hq.sinajs.cn', port=80): Read timed out. (read timeout=5)
[2026-05-20 07:00:07]   Git: ✅ 正常
[2026-05-20 07:00:07]   目录结构: ✅ 正常
[2026-05-20 07:00:07]   股票池: ✅ 21 只
[2026-05-20 08:25:00] 🦞 盘前子Agent 启动
[2026-05-20 08:25:00] ==================================================
[2026-05-20 08:25:00] 🔧 08:25 系统自检
[2026-05-20 08:25:00] 获取 21 只股票数据...
[2026-05-20 08:25:00]   上证指数: ¥10.86 🔴 +0.28%
[2026-05-20 08:25:00]   深证成指: ¥15530.23 🔴 +0.39%
[2026-05-20 08:25:00]   创业板指: ¥3914.88 🔴 +0.54%
[2026-05-20 08:25:00]   科创50: ¥41.49 🔴 +1.17%
[2026-05-20 08:25:00] 股票数据: 21/21 只有效
[2026-05-20 08:30:00] 🦞 盘前子Agent 启动
[2026-05-20 08:30:00] ==================================================
[2026-05-20 08:30:00] 📋 08:30 盘前简报生成
[2026-05-20 08:30:00] 推荐记录已写入: 9 只股票
[2026-05-20 09:28:03] 🦞 盘前子Agent 启动
[2026-05-20 09:28:03] ==================================================
[2026-05-20 09:28:03] 🎯 09:28 竞价推送
