[2026-08-07 10:00:03] 👁️ 盘中子Agent 启动
[2026-08-07 10:00:03] ==================================================
[2026-08-07 10:00:03] 👁️ 盘中实时监控
[2026-08-07 10:00:03] 大盘状态: ➡️ 震荡整理 (平均 -0.25%)
[2026-08-07 10:00:03] 异动股票: 0 只
[2026-08-07 10:30:00] 👁️ 盘中子Agent 启动
[2026-08-07 10:30:00] ==================================================
[2026-08-07 10:30:00] 👁️ 盘中实时监控
[2026-08-07 10:30:00] 大盘状态: ➡️ 震荡整理 (平均 -0.12%)
[2026-08-07 10:30:00] 异动股票: 0 只
[2026-08-07 11:00:00] 👁️ 盘中子Agent 启动
[2026-08-07 11:00:00] ==================================================
[2026-08-07 11:00:00] 👁️ 盘中实时监控
[2026-08-07 11:00:00] 大盘状态: ➡️ 震荡整理 (平均 +0.05%)
[2026-08-07 11:00:00] 异动股票: 0 只
[2026-08-07 11:28:00] 👁️ 盘中子Agent 启动
[2026-08-07 11:28:00] ==================================================
[2026-08-07 11:28:00] 📋 11:28 午盘总结
[2026-08-07 13:00:05] 👁️ 盘中子Agent 启动
[2026-08-07 13:00:05] ==================================================
[2026-08-07 13:00:05] 👁️ 盘中实时监控
[2026-08-07 13:00:05] 大盘状态: ➡️ 震荡整理 (平均 +0.09%)
[2026-08-07 13:00:05] 异动股票: 0 只
[2026-08-07 13:30:04] 👁️ 盘中子Agent 启动
[2026-08-07 13:30:04] ==================================================
[2026-08-07 13:30:04] 👁️ 盘中实时监控
[2026-08-07 13:30:05] 大盘状态: ➡️ 震荡整理 (平均 -0.04%)
[2026-08-07 13:30:05] 异动股票: 0 只
[2026-08-07 14:00:04] 👁️ 盘中子Agent 启动
[2026-08-07 14:00:04] ==================================================
[2026-08-07 14:00:04] 👁️ 盘中实时监控
[2026-08-07 14:00:05] 大盘状态: ➡️ 震荡整理 (平均 +0.24%)
[2026-08-07 14:00:05] 异动股票: 0 只
[2026-08-07 14:30:00] 👁️ 盘中子Agent 启动
[2026-08-07 14:30:00] ==================================================
[2026-08-07 14:30:00] 👁️ 盘中实时监控
[2026-08-07 14:30:00] 大盘状态: ➡️ 震荡整理 (平均 +0.29%)
[2026-08-07 14:30:00] 异动股票: 0 只
[2026-08-07 14:45:00] 👁️ 盘中子Agent 启动
[2026-08-07 14:45:00] ==================================================
[2026-08-07 14:45:00] 📊 14:45 尾盘推荐
