[2026-08-20 10:00:05] 👁️ 盘中子Agent 启动
[2026-08-20 10:00:05] ==================================================
[2026-08-20 10:00:05] 👁️ 盘中实时监控
[2026-08-20 10:00:05] 大盘状态: 📉 温和下跌 (平均 -0.56%)
[2026-08-20 10:00:05] 异动股票: 0 只
[2026-08-20 10:30:00] 👁️ 盘中子Agent 启动
[2026-08-20 10:30:00] ==================================================
[2026-08-20 10:30:00] 👁️ 盘中实时监控
[2026-08-20 10:30:00] 大盘状态: 📉 温和下跌 (平均 -0.56%)
[2026-08-20 10:30:00] 异动股票: 0 只
[2026-08-20 11:00:03] 👁️ 盘中子Agent 启动
[2026-08-20 11:00:03] ==================================================
[2026-08-20 11:00:03] 👁️ 盘中实时监控
[2026-08-20 11:00:03] 大盘状态: 📉 温和下跌 (平均 -0.56%)
[2026-08-20 11:00:03] 异动股票: 0 只
[2026-08-20 11:28:00] 👁️ 盘中子Agent 启动
[2026-08-20 11:28:00] ==================================================
[2026-08-20 11:28:00] 📋 11:28 午盘总结
[2026-08-20 13:00:00] 👁️ 盘中子Agent 启动
[2026-08-20 13:00:00] ==================================================
[2026-08-20 13:00:00] 👁️ 盘中实时监控
[2026-08-20 13:00:00] 大盘状态: 📉 温和下跌 (平均 -0.56%)
[2026-08-20 13:00:00] 异动股票: 0 只
[2026-08-20 13:30:00] 👁️ 盘中子Agent 启动
[2026-08-20 13:30:00] ==================================================
[2026-08-20 13:30:00] 👁️ 盘中实时监控
[2026-08-20 13:30:00] 大盘状态: 📉 温和下跌 (平均 -0.56%)
[2026-08-20 13:30:00] 异动股票: 0 只
[2026-08-20 14:00:03] 👁️ 盘中子Agent 启动
[2026-08-20 14:00:03] ==================================================
[2026-08-20 14:00:03] 👁️ 盘中实时监控
[2026-08-20 14:00:03] 大盘状态: 📉 温和下跌 (平均 -0.56%)
[2026-08-20 14:00:03] 异动股票: 0 只
[2026-08-20 14:30:00] 👁️ 盘中子Agent 启动
[2026-08-20 14:30:00] ==================================================
[2026-08-20 14:30:00] 👁️ 盘中实时监控
[2026-08-20 14:30:00] 大盘状态: 📉 温和下跌 (平均 -0.56%)
[2026-08-20 14:30:00] 异动股票: 0 只
[2026-08-20 14:45:04] 👁️ 盘中子Agent 启动
[2026-08-20 14:45:04] ==================================================
[2026-08-20 14:45:04] 📊 14:45 尾盘推荐
