[2026-05-21 10:00:00] 👁️ 盘中子Agent 启动
[2026-05-21 10:00:00] ==================================================
[2026-05-21 10:00:00] 👁️ 盘中实时监控
[2026-05-21 10:00:00] 大盘状态: 📉 温和下跌 (平均 -1.48%)
[2026-05-21 10:00:00] 异动股票: 0 只
[2026-05-21 10:30:00] 👁️ 盘中子Agent 启动
[2026-05-21 10:30:00] ==================================================
[2026-05-21 10:30:00] 👁️ 盘中实时监控
[2026-05-21 10:30:00] 大盘状态: 📉 温和下跌 (平均 -1.48%)
[2026-05-21 10:30:00] 异动股票: 0 只
[2026-05-21 11:00:04] 👁️ 盘中子Agent 启动
[2026-05-21 11:00:04] ==================================================
[2026-05-21 11:00:04] 👁️ 盘中实时监控
[2026-05-21 11:00:05] 大盘状态: 📉 温和下跌 (平均 -1.48%)
[2026-05-21 11:00:05] 异动股票: 0 只
[2026-05-21 11:28:00] 👁️ 盘中子Agent 启动
[2026-05-21 11:28:00] ==================================================
[2026-05-21 11:28:00] 📋 11:28 午盘总结
[2026-05-21 13:00:00] 👁️ 盘中子Agent 启动
[2026-05-21 13:00:00] ==================================================
[2026-05-21 13:00:00] 👁️ 盘中实时监控
[2026-05-21 13:00:00] 大盘状态: 📉 温和下跌 (平均 -1.48%)
[2026-05-21 13:00:00] 异动股票: 0 只
[2026-05-21 13:30:04] 👁️ 盘中子Agent 启动
[2026-05-21 13:30:04] ==================================================
[2026-05-21 13:30:04] 👁️ 盘中实时监控
[2026-05-21 13:30:04] 大盘状态: 📉 温和下跌 (平均 -1.48%)
[2026-05-21 13:30:04] 异动股票: 0 只
[2026-05-21 14:00:05] 👁️ 盘中子Agent 启动
[2026-05-21 14:00:05] ==================================================
[2026-05-21 14:00:05] 👁️ 盘中实时监控
[2026-05-21 14:00:05] 大盘状态: 📉 温和下跌 (平均 -1.48%)
[2026-05-21 14:00:05] 异动股票: 0 只
[2026-05-21 14:30:04] 👁️ 盘中子Agent 启动
[2026-05-21 14:30:04] ==================================================
[2026-05-21 14:30:04] 👁️ 盘中实时监控
[2026-05-21 14:30:05] 大盘状态: 📉 温和下跌 (平均 -1.48%)
[2026-05-21 14:30:05] 异动股票: 0 只
[2026-05-21 14:45:04] 👁️ 盘中子Agent 启动
[2026-05-21 14:45:04] ==================================================
[2026-05-21 14:45:04] 📊 14:45 尾盘推荐
