[2026-07-31 10:00:00] 👁️ 盘中子Agent 启动
[2026-07-31 10:00:00] ==================================================
[2026-07-31 10:00:00] 👁️ 盘中实时监控
[2026-07-31 10:00:00] 大盘状态: ❄️ 大幅下跌 (平均 -2.08%)
[2026-07-31 10:00:00] 异动股票: 2 只
[2026-07-31 10:00:00]   兆易创新(603986): -9.09% - 大跌！留意止损
[2026-07-31 10:00:00]   长电科技(600584): -8.20% - 走弱，注意风险
[2026-07-31 10:30:00] 👁️ 盘中子Agent 启动
[2026-07-31 10:30:00] ==================================================
[2026-07-31 10:30:00] 👁️ 盘中实时监控
[2026-07-31 10:30:00] 大盘状态: ❄️ 大幅下跌 (平均 -2.08%)
[2026-07-31 10:30:00] 异动股票: 2 只
[2026-07-31 10:30:00]   兆易创新(603986): -9.09% - 大跌！留意止损
[2026-07-31 10:30:00]   长电科技(600584): -8.20% - 走弱，注意风险
[2026-07-31 11:00:00] 👁️ 盘中子Agent 启动
[2026-07-31 11:00:00] ==================================================
[2026-07-31 11:00:00] 👁️ 盘中实时监控
[2026-07-31 11:00:00] 大盘状态: ❄️ 大幅下跌 (平均 -2.08%)
[2026-07-31 11:00:00] 异动股票: 2 只
[2026-07-31 11:00:00]   兆易创新(603986): -9.09% - 大跌！留意止损
[2026-07-31 11:00:00]   长电科技(600584): -8.20% - 走弱，注意风险
[2026-07-31 11:28:00] 👁️ 盘中子Agent 启动
[2026-07-31 11:28:00] ==================================================
[2026-07-31 11:28:00] 📋 11:28 午盘总结
[2026-07-31 13:00:00] 👁️ 盘中子Agent 启动
[2026-07-31 13:00:00] ==================================================
[2026-07-31 13:00:00] 👁️ 盘中实时监控
[2026-07-31 13:00:00] 大盘状态: ❄️ 大幅下跌 (平均 -2.08%)
[2026-07-31 13:00:00] 异动股票: 2 只
[2026-07-31 13:00:00]   兆易创新(603986): -9.09% - 大跌！留意止损
[2026-07-31 13:00:00]   长电科技(600584): -8.20% - 走弱，注意风险
[2026-07-31 13:30:00] 👁️ 盘中子Agent 启动
[2026-07-31 13:30:00] ==================================================
[2026-07-31 13:30:00] 👁️ 盘中实时监控
[2026-07-31 13:30:00] 大盘状态: ❄️ 大幅下跌 (平均 -2.08%)
[2026-07-31 13:30:00] 异动股票: 2 只
[2026-07-31 13:30:00]   兆易创新(603986): -9.09% - 大跌！留意止损
[2026-07-31 13:30:00]   长电科技(600584): -8.20% - 走弱，注意风险
[2026-07-31 14:00:00] 👁️ 盘中子Agent 启动
[2026-07-31 14:00:00] ==================================================
[2026-07-31 14:00:00] 👁️ 盘中实时监控
[2026-07-31 14:00:00] 大盘状态: ❄️ 大幅下跌 (平均 -2.08%)
[2026-07-31 14:00:00] 异动股票: 2 只
[2026-07-31 14:00:00]   兆易创新(603986): -9.09% - 大跌！留意止损
[2026-07-31 14:00:00]   长电科技(600584): -8.20% - 走弱，注意风险
[2026-07-31 14:30:00] 👁️ 盘中子Agent 启动
[2026-07-31 14:30:00] ==================================================
[2026-07-31 14:30:00] 👁️ 盘中实时监控
[2026-07-31 14:30:00] 大盘状态: ❄️ 大幅下跌 (平均 -2.08%)
[2026-07-31 14:30:00] 异动股票: 2 只
[2026-07-31 14:30:00]   兆易创新(603986): -9.09% - 大跌！留意止损
[2026-07-31 14:30:00]   长电科技(600584): -8.20% - 走弱，注意风险
[2026-07-31 14:45:02] 👁️ 盘中子Agent 启动
[2026-07-31 14:45:02] ==================================================
[2026-07-31 14:45:02] 📊 14:45 尾盘推荐
