[2026-07-28 10:00:00] 👁️ 盘中子Agent 启动
[2026-07-28 10:00:00] ==================================================
[2026-07-28 10:00:00] 👁️ 盘中实时监控
[2026-07-28 10:00:00] 大盘状态: 📈 温和上涨 (平均 +1.69%)
[2026-07-28 10:00:00] 异动股票: 1 只
[2026-07-28 10:00:00]   兆易创新(603986): +8.45% - 强势拉升
[2026-07-28 10:30:00] 👁️ 盘中子Agent 启动
[2026-07-28 10:30:00] ==================================================
[2026-07-28 10:30:00] 👁️ 盘中实时监控
[2026-07-28 10:30:00] 大盘状态: 📈 温和上涨 (平均 +1.69%)
[2026-07-28 10:30:00] 异动股票: 1 只
[2026-07-28 10:30:00]   兆易创新(603986): +8.45% - 强势拉升
[2026-07-28 11:00:04] 👁️ 盘中子Agent 启动
[2026-07-28 11:00:04] ==================================================
[2026-07-28 11:00:04] 👁️ 盘中实时监控
[2026-07-28 11:00:05] 大盘状态: 📈 温和上涨 (平均 +1.69%)
[2026-07-28 11:00:05] 异动股票: 1 只
[2026-07-28 11:00:05]   兆易创新(603986): +8.45% - 强势拉升
[2026-07-28 11:28:00] 👁️ 盘中子Agent 启动
[2026-07-28 11:28:00] ==================================================
[2026-07-28 11:28:00] 📋 11:28 午盘总结
