[2026-08-11 07:00:00] 🦞 盘前子Agent 启动
[2026-08-11 07:00:00] ==================================================
[2026-08-11 07:00:00] 🦞 盘前Agent 启动 - 健康检测
[2026-08-11 07:00:05] 健康检测结果:
[2026-08-11 07:00:05]   新浪API: ❌ 失败: HTTPConnectionPool(host='hq.sinajs.cn', port=80): Read timed out. (read timeout=5)
[2026-08-11 07:00:05]   Git: ✅ 正常
[2026-08-11 07:00:05]   目录结构: ✅ 正常
[2026-08-11 07:00:05]   股票池: ✅ 17 只
[2026-08-11 08:25:05] 🦞 盘前子Agent 启动
[2026-08-11 08:25:05] ==================================================
[2026-08-11 08:25:05] 🔧 08:25 系统自检
[2026-08-11 08:25:05] 获取 17 只股票数据...
[2026-08-11 08:25:05]   上证指数: ¥11.19 🔴 +0.09%
[2026-08-11 08:25:05]   深证成指: ¥14311.01 🟢 -0.26%
[2026-08-11 08:25:05]   创业板指: ¥3563.12 🟢 -0.11%
[2026-08-11 08:25:05]   科创50: ¥31.34 🟢 -0.32%
[2026-08-11 08:25:05] 股票数据: 17/17 只有效
[2026-08-11 08:30:05] 🦞 盘前子Agent 启动
[2026-08-11 08:30:05] ==================================================
[2026-08-11 08:30:05] 📋 08:30 盘前简报生成
[2026-08-11 08:30:06] 推荐记录已写入: 10 只股票
[2026-08-11 09:28:00] 🦞 盘前子Agent 启动
[2026-08-11 09:28:00] ==================================================
[2026-08-11 09:28:00] 🎯 09:28 竞价推送
