[2026-07-23 10:00:00] 👁️ 盘中子Agent 启动
[2026-07-23 10:00:00] ==================================================
[2026-07-23 10:00:00] 👁️ 盘中实时监控
[2026-07-23 10:00:00] 大盘状态: 📉 温和下跌 (平均 -0.85%)
[2026-07-23 10:00:00] 异动股票: 0 只
[2026-07-23 10:30:00] 👁️ 盘中子Agent 启动
[2026-07-23 10:30:00] ==================================================
[2026-07-23 10:30:00] 👁️ 盘中实时监控
[2026-07-23 10:30:00] 大盘状态: 📉 温和下跌 (平均 -0.85%)
[2026-07-23 10:30:00] 异动股票: 0 只
[2026-07-23 11:00:00] 👁️ 盘中子Agent 启动
[2026-07-23 11:00:00] ==================================================
[2026-07-23 11:00:00] 👁️ 盘中实时监控
[2026-07-23 11:00:00] 大盘状态: 📉 温和下跌 (平均 -0.85%)
[2026-07-23 11:00:00] 异动股票: 0 只
[2026-07-23 11:28:04] 👁️ 盘中子Agent 启动
[2026-07-23 11:28:04] ==================================================
[2026-07-23 11:28:04] 📋 11:28 午盘总结
[2026-07-23 13:00:04] 👁️ 盘中子Agent 启动
[2026-07-23 13:00:04] ==================================================
[2026-07-23 13:00:04] 👁️ 盘中实时监控
[2026-07-23 13:00:05] 大盘状态: 📉 温和下跌 (平均 -0.85%)
[2026-07-23 13:00:05] 异动股票: 0 只
[2026-07-23 13:30:05] 👁️ 盘中子Agent 启动
[2026-07-23 13:30:05] ==================================================
[2026-07-23 13:30:05] 👁️ 盘中实时监控
[2026-07-23 13:30:05] 大盘状态: 📉 温和下跌 (平均 -0.85%)
[2026-07-23 13:30:05] 异动股票: 0 只
[2026-07-23 14:00:05] 👁️ 盘中子Agent 启动
[2026-07-23 14:00:05] ==================================================
[2026-07-23 14:00:05] 👁️ 盘中实时监控
[2026-07-23 14:00:05] 大盘状态: 📉 温和下跌 (平均 -0.85%)
[2026-07-23 14:00:05] 异动股票: 0 只
[2026-07-23 14:30:04] 👁️ 盘中子Agent 启动
[2026-07-23 14:30:04] ==================================================
[2026-07-23 14:30:04] 👁️ 盘中实时监控
[2026-07-23 14:30:04] 大盘状态: 📉 温和下跌 (平均 -0.85%)
[2026-07-23 14:30:04] 异动股票: 0 只
[2026-07-23 14:45:04] 👁️ 盘中子Agent 启动
[2026-07-23 14:45:04] ==================================================
[2026-07-23 14:45:04] 📊 14:45 尾盘推荐
