[2026-08-12 07:00:00] 🦞 盘前子Agent 启动
[2026-08-12 07:00:00] ==================================================
[2026-08-12 07:00:00] 🦞 盘前Agent 启动 - 健康检测
[2026-08-12 07:00:05] 健康检测结果:
[2026-08-12 07:00:05]   新浪API: ❌ 失败: HTTPConnectionPool(host='hq.sinajs.cn', port=80): Read timed out. (read timeout=5)
[2026-08-12 07:00:05]   Git: ✅ 正常
[2026-08-12 07:00:05]   目录结构: ✅ 正常
[2026-08-12 07:00:05]   股票池: ✅ 17 只
[2026-08-12 08:25:00] 🦞 盘前子Agent 启动
[2026-08-12 08:25:00] ==================================================
[2026-08-12 08:25:00] 🔧 08:25 系统自检
[2026-08-12 08:25:00] 获取 17 只股票数据...
[2026-08-12 08:25:01]   上证指数: ¥11.29 🟢 -0.18%
[2026-08-12 08:25:01]   深证成指: ¥14316.96 🔴 +0.35%
[2026-08-12 08:25:01]   创业板指: ¥3537.21 🔴 +0.09%
[2026-08-12 08:25:01]   科创50: ¥32.16 🔴 +0.25%
[2026-08-12 08:25:01] 股票数据: 17/17 只有效
[2026-08-12 08:30:05] 🦞 盘前子Agent 启动
[2026-08-12 08:30:05] ==================================================
[2026-08-12 08:30:05] 📋 08:30 盘前简报生成
[2026-08-12 08:30:06] 推荐记录已写入: 7 只股票
[2026-08-12 09:28:05] 🦞 盘前子Agent 启动
[2026-08-12 09:28:05] ==================================================
[2026-08-12 09:28:05] 🎯 09:28 竞价推送
