[2026-06-25 10:00:00] 👁️ 盘中子Agent 启动
[2026-06-25 10:00:00] ==================================================
[2026-06-25 10:00:00] 👁️ 盘中实时监控
[2026-06-25 10:00:00] 大盘状态: ➡️ 震荡整理 (平均 +0.24%)
[2026-06-25 10:00:00] 异动股票: 0 只
[2026-06-25 10:30:00] 👁️ 盘中子Agent 启动
[2026-06-25 10:30:00] ==================================================
[2026-06-25 10:30:00] 👁️ 盘中实时监控
[2026-06-25 10:30:00] 大盘状态: ➡️ 震荡整理 (平均 +0.24%)
[2026-06-25 10:30:00] 异动股票: 0 只
[2026-06-25 11:00:00] 👁️ 盘中子Agent 启动
[2026-06-25 11:00:00] ==================================================
[2026-06-25 11:00:00] 👁️ 盘中实时监控
[2026-06-25 11:00:00] 大盘状态: ➡️ 震荡整理 (平均 +0.24%)
[2026-06-25 11:00:00] 异动股票: 0 只
[2026-06-25 11:28:00] 👁️ 盘中子Agent 启动
[2026-06-25 11:28:00] ==================================================
[2026-06-25 11:28:00] 📋 11:28 午盘总结
[2026-06-25 13:00:00] 👁️ 盘中子Agent 启动
[2026-06-25 13:00:00] ==================================================
[2026-06-25 13:00:00] 👁️ 盘中实时监控
[2026-06-25 13:00:00] 大盘状态: ➡️ 震荡整理 (平均 +0.24%)
[2026-06-25 13:00:00] 异动股票: 0 只
[2026-06-25 13:30:00] 👁️ 盘中子Agent 启动
[2026-06-25 13:30:00] ==================================================
[2026-06-25 13:30:00] 👁️ 盘中实时监控
[2026-06-25 13:30:00] 大盘状态: ➡️ 震荡整理 (平均 +0.24%)
[2026-06-25 13:30:00] 异动股票: 0 只
[2026-06-25 14:00:04] 👁️ 盘中子Agent 启动
[2026-06-25 14:00:04] ==================================================
[2026-06-25 14:00:04] 👁️ 盘中实时监控
[2026-06-25 14:00:05] 大盘状态: ➡️ 震荡整理 (平均 +0.24%)
[2026-06-25 14:00:05] 异动股票: 0 只
[2026-06-25 14:30:00] 👁️ 盘中子Agent 启动
[2026-06-25 14:30:00] ==================================================
[2026-06-25 14:30:00] 👁️ 盘中实时监控
[2026-06-25 14:30:00] 大盘状态: ➡️ 震荡整理 (平均 +0.24%)
[2026-06-25 14:30:00] 异动股票: 0 只
[2026-06-25 14:45:00] 👁️ 盘中子Agent 启动
[2026-06-25 14:45:00] ==================================================
[2026-06-25 14:45:00] 📊 14:45 尾盘推荐
