[2026-05-18 07:00:00] 🦞 盘前子Agent 启动
[2026-05-18 07:00:00] ==================================================
[2026-05-18 07:00:00] 🦞 盘前Agent 启动 - 健康检测
[2026-05-18 07:00:05] 健康检测结果:
[2026-05-18 07:00:05]   新浪API: ❌ 失败: HTTPConnectionPool(host='hq.sinajs.cn', port=80): Read timed out. (read timeout=5)
[2026-05-18 07:00:05]   Git: ✅ 正常
[2026-05-18 07:00:05]   目录结构: ✅ 正常
[2026-05-18 07:00:05]   股票池: ✅ 21 只
[2026-05-18 08:25:00] 🦞 盘前子Agent 启动
[2026-05-18 08:25:00] ==================================================
[2026-05-18 08:25:00] 🔧 08:25 系统自检
[2026-05-18 08:25:00] 获取 21 只股票数据...
[2026-05-18 08:25:00]   上证指数: ¥10.99 🟢 -0.54%
[2026-05-18 08:25:00]   深证成指: ¥15561.37 🟢 -1.17%
[2026-05-18 08:25:00]   创业板指: ¥3929.06 🟢 -0.56%
[2026-05-18 08:25:00]   科创50: ¥40.39 🟢 -2.93%
[2026-05-18 08:25:00] 股票数据: 21/21 只有效
[2026-05-18 08:30:04] 🦞 盘前子Agent 启动
[2026-05-18 08:30:04] ==================================================
[2026-05-18 08:30:04] 📋 08:30 盘前简报生成
[2026-05-18 09:28:00] 🦞 盘前子Agent 启动
[2026-05-18 09:28:00] ==================================================
[2026-05-18 09:28:00] 🎯 09:28 竞价推送
