[2026-05-07 21:30:00] 🌙 复盘子Agent 启动
[2026-05-07 21:30:00] ==================================================
[2026-05-07 21:30:00] 📊 21:30 全天数据汇总
[2026-05-07 21:30:00] 上涨: 10, 下跌: 7
[2026-05-07 21:30:00] 最强板块: AI算力/芯片 +4.07%
[2026-05-07 21:30:00] 最弱板块: 储能/绿电 -0.85%
[2026-05-07 21:35:00] 🌙 复盘子Agent 启动
[2026-05-07 21:35:00] ==================================================
[2026-05-07 21:35:00] 📈 21:35 策略有效性分析
[report] 已保存: /Users/cai/code/AAna/reports/2026-05-07/复盘/2026-05-07_2135_策略分析.md
[git] 已推送: feat: add 2026-05-07 strategy analysis (auto)
[2026-05-07 21:40:00] 🌙 复盘子Agent 启动
[2026-05-07 21:40:00] ==================================================
[2026-05-07 21:40:00] 🛡️ 21:40 风险控制评估
[report] 已保存: /Users/cai/code/AAna/reports/2026-05-07/复盘/2026-05-07_2140_风险评估.md
[git] 已推送: feat: add 2026-05-07 risk assessment (auto)
[2026-05-07 21:45:00] 🌙 复盘子Agent 启动
[2026-05-07 21:45:00] ==================================================
[2026-05-07 21:45:00] 🎯 21:45 明日策略规划
[report] 已保存: /Users/cai/code/AAna/reports/2026-05-07/复盘/2026-05-07_2145_明日策略.md
[report] 已保存: /Users/cai/code/AAna/reports/2026-05-07/复盘/2026-05-07_2145_复盘评分.md
[git] 已推送: feat: add 2026-05-07 tomorrow strategy and full review (auto)
[2026-05-08 21:30:00] 🌙 复盘子Agent 启动
[2026-05-08 21:30:00] ==================================================
[2026-05-08 21:30:00] 📊 21:30 全天数据汇总
[2026-05-08 21:30:00] 上涨: 9, 下跌: 8
[2026-05-08 21:30:00] 最强板块: 人形机器人 +3.06%
[2026-05-08 21:30:00] 最弱板块: AI算力/芯片 -1.42%
[2026-05-08 21:35:00] 🌙 复盘子Agent 启动
[2026-05-08 21:35:00] ==================================================
[2026-05-08 21:35:00] 📈 21:35 策略有效性分析
[report] 已保存: /Users/cai/code/AAna/reports/2026-05-08/复盘/2026-05-08_2135_策略分析.md
[git] 已推送: feat: add 2026-05-08 strategy analysis (auto)
[2026-05-08 21:40:00] 🌙 复盘子Agent 启动
[2026-05-08 21:40:00] ==================================================
[2026-05-08 21:40:00] 🛡️ 21:40 风险控制评估
[report] 已保存: /Users/cai/code/AAna/reports/2026-05-08/复盘/2026-05-08_2140_风险评估.md
[git] 已推送: feat: add 2026-05-08 risk assessment (auto)
[2026-05-08 21:45:00] 🌙 复盘子Agent 启动
[2026-05-08 21:45:00] ==================================================
[2026-05-08 21:45:00] 🎯 21:45 明日策略规划
[report] 已保存: /Users/cai/code/AAna/reports/2026-05-08/复盘/2026-05-08_2145_明日策略.md
[report] 已保存: /Users/cai/code/AAna/reports/2026-05-08/复盘/2026-05-08_2145_复盘评分.md
[git] 已推送: feat: add 2026-05-08 tomorrow strategy and full review (auto)
[2026-05-09 21:30:00] 🌙 复盘子Agent 启动
[2026-05-09 21:30:00] 今日非交易日，退出
[2026-05-09 21:35:00] 🌙 复盘子Agent 启动
[2026-05-09 21:35:00] 今日非交易日，退出
[2026-05-09 21:45:00] 🌙 复盘子Agent 启动
[2026-05-09 21:45:00] 今日非交易日，退出
[2026-05-10 21:30:00] 🌙 复盘子Agent 启动
[2026-05-10 21:30:00] 今日非交易日，退出
[2026-05-10 21:35:00] 🌙 复盘子Agent 启动
[2026-05-10 21:35:00] 今日非交易日，退出
[2026-05-10 21:40:00] 🌙 复盘子Agent 启动
[2026-05-10 21:40:00] 今日非交易日，退出
[2026-05-10 21:45:00] 🌙 复盘子Agent 启动
[2026-05-10 21:45:00] 今日非交易日，退出
[2026-05-11 21:30:00] 🌙 复盘子Agent 启动
[2026-05-11 21:30:00] ==================================================
[2026-05-11 21:30:00] 📊 21:30 全天数据汇总
[2026-05-11 21:30:00] 上涨: 14, 下跌: 3
[2026-05-11 21:30:00] 最强板块: AI算力/芯片 +9.35%
[2026-05-11 21:30:00] 最弱板块: AI应用 -0.18%
[2026-05-11 21:35:00] 🌙 复盘子Agent 启动
[2026-05-11 21:35:00] ==================================================
[2026-05-11 21:35:00] 📈 21:35 策略有效性分析
[report] 已保存: /Users/cai/code/AAna/reports/2026-05-11/复盘/2026-05-11_2135_策略分析.md
[git] 已推送: feat: add 2026-05-11 strategy analysis (auto)
[2026-05-11 21:40:00] 🌙 复盘子Agent 启动
[2026-05-11 21:40:00] ==================================================
[2026-05-11 21:40:00] 🛡️ 21:40 风险控制评估
[report] 已保存: /Users/cai/code/AAna/reports/2026-05-11/复盘/2026-05-11_2140_风险评估.md
[git] 已推送: feat: add 2026-05-11 risk assessment (auto)
