[2026-06-30 10:00:00] 👁️ 盘中子Agent 启动
[2026-06-30 10:00:00] ==================================================
[2026-06-30 10:00:00] 👁️ 盘中实时监控
[2026-06-30 10:00:00] 大盘状态: ➡️ 震荡整理 (平均 +0.06%)
[2026-06-30 10:00:00] 异动股票: 0 只
[2026-06-30 10:30:00] 👁️ 盘中子Agent 启动
[2026-06-30 10:30:00] ==================================================
[2026-06-30 10:30:00] 👁️ 盘中实时监控
[2026-06-30 10:30:01] 大盘状态: ➡️ 震荡整理 (平均 +0.06%)
[2026-06-30 10:30:01] 异动股票: 0 只
[2026-06-30 11:00:05] 👁️ 盘中子Agent 启动
[2026-06-30 11:00:05] ==================================================
[2026-06-30 11:00:05] 👁️ 盘中实时监控
[2026-06-30 11:00:05] 大盘状态: ➡️ 震荡整理 (平均 +0.06%)
[2026-06-30 11:00:05] 异动股票: 0 只
[2026-06-30 11:28:05] 👁️ 盘中子Agent 启动
[2026-06-30 11:28:05] ==================================================
[2026-06-30 11:28:05] 📋 11:28 午盘总结
[2026-06-30 13:00:00] 👁️ 盘中子Agent 启动
[2026-06-30 13:00:00] ==================================================
[2026-06-30 13:00:00] 👁️ 盘中实时监控
[2026-06-30 13:00:00] 大盘状态: ➡️ 震荡整理 (平均 +0.06%)
[2026-06-30 13:00:00] 异动股票: 0 只
[2026-06-30 13:30:00] 👁️ 盘中子Agent 启动
[2026-06-30 13:30:00] ==================================================
[2026-06-30 13:30:00] 👁️ 盘中实时监控
[2026-06-30 13:30:00] 大盘状态: ➡️ 震荡整理 (平均 +0.06%)
[2026-06-30 13:30:00] 异动股票: 0 只
[2026-06-30 14:00:00] 👁️ 盘中子Agent 启动
[2026-06-30 14:00:00] ==================================================
[2026-06-30 14:00:00] 👁️ 盘中实时监控
[2026-06-30 14:00:00] 大盘状态: ➡️ 震荡整理 (平均 +0.06%)
[2026-06-30 14:00:00] 异动股票: 0 只
[2026-06-30 14:30:00] 👁️ 盘中子Agent 启动
[2026-06-30 14:30:00] ==================================================
[2026-06-30 14:30:00] 👁️ 盘中实时监控
[2026-06-30 14:30:00] 大盘状态: ➡️ 震荡整理 (平均 +0.06%)
[2026-06-30 14:30:00] 异动股票: 0 只
[2026-06-30 14:45:00] 👁️ 盘中子Agent 启动
[2026-06-30 14:45:00] ==================================================
[2026-06-30 14:45:00] 📊 14:45 尾盘推荐
