[2026-07-06 10:00:00] 👁️ 盘中子Agent 启动
[2026-07-06 10:00:00] ==================================================
[2026-07-06 10:00:00] 👁️ 盘中实时监控
[2026-07-06 10:00:00] 大盘状态: ➡️ 震荡整理 (平均 -0.09%)
[2026-07-06 10:00:00] 异动股票: 0 只
[2026-07-06 10:30:00] 👁️ 盘中子Agent 启动
[2026-07-06 10:30:00] ==================================================
[2026-07-06 10:30:00] 👁️ 盘中实时监控
[2026-07-06 10:30:00] 大盘状态: ➡️ 震荡整理 (平均 -0.09%)
[2026-07-06 10:30:00] 异动股票: 0 只
[2026-07-06 11:00:00] 👁️ 盘中子Agent 启动
[2026-07-06 11:00:00] ==================================================
[2026-07-06 11:00:00] 👁️ 盘中实时监控
[2026-07-06 11:00:00] 大盘状态: ➡️ 震荡整理 (平均 -0.09%)
[2026-07-06 11:00:00] 异动股票: 0 只
[2026-07-06 11:28:04] 👁️ 盘中子Agent 启动
[2026-07-06 11:28:04] ==================================================
[2026-07-06 11:28:04] 📋 11:28 午盘总结
[2026-07-06 13:00:00] 👁️ 盘中子Agent 启动
[2026-07-06 13:00:00] ==================================================
[2026-07-06 13:00:00] 👁️ 盘中实时监控
[2026-07-06 13:00:00] 大盘状态: ➡️ 震荡整理 (平均 -0.09%)
[2026-07-06 13:00:00] 异动股票: 0 只
[2026-07-06 13:30:04] 👁️ 盘中子Agent 启动
[2026-07-06 13:30:04] ==================================================
[2026-07-06 13:30:04] 👁️ 盘中实时监控
[2026-07-06 13:30:05] 大盘状态: ➡️ 震荡整理 (平均 -0.09%)
[2026-07-06 13:30:05] 异动股票: 0 只
[2026-07-06 14:00:05] 👁️ 盘中子Agent 启动
[2026-07-06 14:00:05] ==================================================
[2026-07-06 14:00:05] 👁️ 盘中实时监控
[2026-07-06 14:00:06] 大盘状态: ➡️ 震荡整理 (平均 -0.09%)
[2026-07-06 14:00:06] 异动股票: 0 只
[2026-07-06 14:30:05] 👁️ 盘中子Agent 启动
[2026-07-06 14:30:05] ==================================================
[2026-07-06 14:30:05] 👁️ 盘中实时监控
[2026-07-06 14:30:06] 大盘状态: ➡️ 震荡整理 (平均 -0.09%)
[2026-07-06 14:30:06] 异动股票: 0 只
[2026-07-06 14:45:00] 👁️ 盘中子Agent 启动
[2026-07-06 14:45:00] ==================================================
[2026-07-06 14:45:00] 📊 14:45 尾盘推荐
