[2026-05-13 07:00:05] 🦞 盘前子Agent 启动
[2026-05-13 07:00:05] ==================================================
[2026-05-13 07:00:05] 🦞 盘前Agent 启动 - 健康检测
[2026-05-13 07:00:10] 健康检测结果:
[2026-05-13 07:00:10]   新浪API: ❌ 失败: HTTPConnectionPool(host='hq.sinajs.cn', port=80): Read timed out. (read timeout=5)
[2026-05-13 07:00:10]   Git: ✅ 正常
[2026-05-13 07:00:10]   目录结构: ✅ 正常
[2026-05-13 07:00:10]   股票池: ✅ 21 只
[2026-05-13 08:25:00] 🦞 盘前子Agent 启动
[2026-05-13 08:25:00] ==================================================
[2026-05-13 08:25:00] 🔧 08:25 系统自检
[2026-05-13 08:25:00] 获取 21 只股票数据...
[2026-05-13 08:25:00]   上证指数: ¥11.25 🟢 -0.27%
[2026-05-13 08:25:00]   深证成指: ¥15824.92 🟢 -0.47%
[2026-05-13 08:25:00]   创业板指: ¥3934.88 🔴 +0.15%
[2026-05-13 08:25:00]   科创50: ¥42.57 🟢 -3.34%
[2026-05-13 08:25:00] 股票数据: 21/21 只有效
[2026-05-13 08:30:00] 🦞 盘前子Agent 启动
[2026-05-13 08:30:00] ==================================================
[2026-05-13 08:30:00] 📋 08:30 盘前简报生成
