[2026-06-10 07:00:03] 🦞 盘前子Agent 启动
[2026-06-10 07:00:03] ==================================================
[2026-06-10 07:00:03] 🦞 盘前Agent 启动 - 健康检测
[2026-06-10 07:00:09] 健康检测结果:
[2026-06-10 07:00:09]   新浪API: ❌ 失败: HTTPConnectionPool(host='hq.sinajs.cn', port=80): Read timed out. (read timeout=5)
[2026-06-10 07:00:09]   Git: ✅ 正常
[2026-06-10 07:00:09]   目录结构: ✅ 正常
[2026-06-10 07:00:09]   股票池: ✅ 17 只
[2026-06-10 08:25:04] 🦞 盘前子Agent 启动
[2026-06-10 08:25:04] ==================================================
[2026-06-10 08:25:04] 🔧 08:25 系统自检
[2026-06-10 08:25:04] 获取 17 只股票数据...
[2026-06-10 08:25:04]   上证指数: ¥11.03 🔴 +0.18%
[2026-06-10 08:25:04]   深证成指: ¥14821.19 🟢 -1.14%
[2026-06-10 08:25:04]   创业板指: ¥3811.78 🟢 -1.39%
[2026-06-10 08:25:04]   科创50: ¥38.54 🟢 -0.57%
[2026-06-10 08:25:04] 股票数据: 17/17 只有效
[2026-06-10 08:30:05] 🦞 盘前子Agent 启动
[2026-06-10 08:30:05] ==================================================
[2026-06-10 08:30:05] 📋 08:30 盘前简报生成
[2026-06-10 08:30:06] 推荐记录已写入: 9 只股票
