[2026-05-07 11:28:00] 👁️ 盘中子Agent 启动
[2026-05-07 11:28:00] ==================================================
[2026-05-07 11:28:00] 📋 11:28 午盘总结
[report] 已保存: /Users/cai/code/AAna/reports/2026-05-07/盘中/2026-05-07_1128_午盘总结.md
[git] 已推送: feat: add 2026-05-07 midday summary (auto)
[2026-05-07 13:00:00] 👁️ 盘中子Agent 启动
[2026-05-07 13:00:00] ==================================================
[2026-05-07 13:00:00] 👁️ 盘中实时监控
[2026-05-07 13:00:00] 大盘状态: 📉 温和下跌 (平均 -1.28%)
[2026-05-07 13:00:00] 异动股票: 0 只
[2026-05-07 13:30:00] 👁️ 盘中子Agent 启动
[2026-05-07 13:30:00] ==================================================
[2026-05-07 13:30:00] 👁️ 盘中实时监控
[2026-05-07 13:30:00] 大盘状态: 📉 温和下跌 (平均 -1.44%)
[2026-05-07 13:30:00] 异动股票: 0 只
[2026-05-07 14:00:00] 👁️ 盘中子Agent 启动
[2026-05-07 14:00:00] ==================================================
[2026-05-07 14:00:00] 👁️ 盘中实时监控
[2026-05-07 14:00:00] 大盘状态: 📉 温和下跌 (平均 -0.59%)
[2026-05-07 14:00:00] 异动股票: 0 只
[2026-05-07 14:30:00] 👁️ 盘中子Agent 启动
[2026-05-07 14:30:00] ==================================================
[2026-05-07 14:30:00] 👁️ 盘中实时监控
[2026-05-07 14:30:00] 大盘状态: 📉 温和下跌 (平均 -0.78%)
[2026-05-07 14:30:00] 异动股票: 1 只
[2026-05-07 14:30:00]   新易盛(300502): +7.69% - 大涨，追高谨慎
[2026-05-07 14:45:00] 👁️ 盘中子Agent 启动
[2026-05-07 14:45:00] ==================================================
[2026-05-07 14:45:00] 📊 14:45 尾盘推荐
[report] 已保存: /Users/cai/code/AAna/reports/2026-05-07/盘中/2026-05-07_1445_尾盘分析.md
[git] 失败: Command '['git', 'push', 'origin', 'main']' returned non-zero exit status 1.
