[2026-05-15 10:00:05] 👁️ 盘中子Agent 启动
[2026-05-15 10:00:05] ==================================================
[2026-05-15 10:00:05] 👁️ 盘中实时监控
[2026-05-15 10:00:05] 大盘状态: ➡️ 震荡整理 (平均 +0.16%)
[2026-05-15 10:00:05] 异动股票: 0 只
[2026-05-15 10:30:00] 👁️ 盘中子Agent 启动
[2026-05-15 10:30:00] ==================================================
[2026-05-15 10:30:00] 👁️ 盘中实时监控
[2026-05-15 10:30:00] 大盘状态: ➡️ 震荡整理 (平均 -0.03%)
[2026-05-15 10:30:00] 异动股票: 0 只
[2026-05-15 11:00:00] 👁️ 盘中子Agent 启动
[2026-05-15 11:00:00] ==================================================
[2026-05-15 11:00:00] 👁️ 盘中实时监控
[2026-05-15 11:00:00] 大盘状态: ➡️ 震荡整理 (平均 +0.03%)
[2026-05-15 11:00:00] 异动股票: 2 只
[2026-05-15 11:00:00]   五洲新春(603667): +9.37% - 涨停！注意获利了结风险
[2026-05-15 11:00:00]   长电科技(600584): +8.69% - 大涨，追高谨慎
[2026-05-15 11:28:04] 👁️ 盘中子Agent 启动
[2026-05-15 11:28:04] ==================================================
[2026-05-15 11:28:04] 📋 11:28 午盘总结
