[2026-06-24 10:00:00] 👁️ 盘中子Agent 启动
[2026-06-24 10:00:00] ==================================================
[2026-06-24 10:00:00] 👁️ 盘中实时监控
[2026-06-24 10:00:00] 大盘状态: 📈 温和上涨 (平均 +0.88%)
[2026-06-24 10:00:00] 异动股票: 0 只
[2026-06-24 10:30:05] 👁️ 盘中子Agent 启动
[2026-06-24 10:30:05] ==================================================
[2026-06-24 10:30:05] 👁️ 盘中实时监控
[2026-06-24 10:30:05] 大盘状态: 📈 温和上涨 (平均 +0.88%)
[2026-06-24 10:30:05] 异动股票: 0 只
[2026-06-24 11:00:05] 👁️ 盘中子Agent 启动
[2026-06-24 11:00:05] ==================================================
[2026-06-24 11:00:05] 👁️ 盘中实时监控
[2026-06-24 11:00:05] 大盘状态: 📈 温和上涨 (平均 +0.88%)
[2026-06-24 11:00:05] 异动股票: 0 只
[2026-06-24 11:28:00] 👁️ 盘中子Agent 启动
[2026-06-24 11:28:00] ==================================================
[2026-06-24 11:28:00] 📋 11:28 午盘总结
[2026-06-24 13:00:05] 👁️ 盘中子Agent 启动
[2026-06-24 13:00:05] ==================================================
[2026-06-24 13:00:05] 👁️ 盘中实时监控
[2026-06-24 13:00:05] 大盘状态: 📈 温和上涨 (平均 +0.88%)
[2026-06-24 13:00:05] 异动股票: 0 只
[2026-06-24 13:30:00] 👁️ 盘中子Agent 启动
[2026-06-24 13:30:00] ==================================================
[2026-06-24 13:30:00] 👁️ 盘中实时监控
[2026-06-24 13:30:00] 大盘状态: 📈 温和上涨 (平均 +0.88%)
[2026-06-24 13:30:00] 异动股票: 0 只
[2026-06-24 14:00:04] 👁️ 盘中子Agent 启动
[2026-06-24 14:00:04] ==================================================
[2026-06-24 14:00:04] 👁️ 盘中实时监控
[2026-06-24 14:00:05] 大盘状态: 📈 温和上涨 (平均 +0.88%)
[2026-06-24 14:00:05] 异动股票: 0 只
[2026-06-24 14:30:00] 👁️ 盘中子Agent 启动
[2026-06-24 14:30:00] ==================================================
[2026-06-24 14:30:00] 👁️ 盘中实时监控
[2026-06-24 14:30:00] 大盘状态: 📈 温和上涨 (平均 +0.88%)
[2026-06-24 14:30:00] 异动股票: 1 只
[2026-06-24 14:30:00]   兆易创新(603986): +8.56% - 强势拉升
[2026-06-24 14:45:00] 👁️ 盘中子Agent 启动
[2026-06-24 14:45:00] ==================================================
[2026-06-24 14:45:00] 📊 14:45 尾盘推荐
