[2026-06-23 10:00:00] 👁️ 盘中子Agent 启动
[2026-06-23 10:00:00] ==================================================
[2026-06-23 10:00:00] 👁️ 盘中实时监控
[2026-06-23 10:00:00] 大盘状态: 📈 温和上涨 (平均 +1.28%)
[2026-06-23 10:00:00] 异动股票: 0 只
[2026-06-23 10:30:00] 👁️ 盘中子Agent 启动
[2026-06-23 10:30:00] ==================================================
[2026-06-23 10:30:00] 👁️ 盘中实时监控
[2026-06-23 10:30:00] 大盘状态: 📈 温和上涨 (平均 +1.00%)
[2026-06-23 10:30:00] 异动股票: 0 只
[2026-06-23 11:00:00] 👁️ 盘中子Agent 启动
[2026-06-23 11:00:00] ==================================================
[2026-06-23 11:00:00] 👁️ 盘中实时监控
[2026-06-23 11:00:00] 大盘状态: 📈 温和上涨 (平均 +1.05%)
[2026-06-23 11:00:00] 异动股票: 0 只
[2026-06-23 11:28:00] 👁️ 盘中子Agent 启动
[2026-06-23 11:28:00] ==================================================
[2026-06-23 11:28:00] 📋 11:28 午盘总结
[2026-06-23 13:00:02] 👁️ 盘中子Agent 启动
[2026-06-23 13:00:02] ==================================================
[2026-06-23 13:00:02] 👁️ 盘中实时监控
[2026-06-23 13:00:03] 大盘状态: 📈 温和上涨 (平均 +1.19%)
[2026-06-23 13:00:03] 异动股票: 0 只
[2026-06-23 13:30:00] 👁️ 盘中子Agent 启动
[2026-06-23 13:30:00] ==================================================
[2026-06-23 13:30:00] 👁️ 盘中实时监控
[2026-06-23 13:30:00] 大盘状态: 📈 温和上涨 (平均 +1.21%)
[2026-06-23 13:30:00] 异动股票: 0 只
[2026-06-23 14:00:00] 👁️ 盘中子Agent 启动
[2026-06-23 14:00:00] ==================================================
[2026-06-23 14:00:00] 👁️ 盘中实时监控
[2026-06-23 14:00:00] 大盘状态: 📈 温和上涨 (平均 +1.07%)
[2026-06-23 14:00:00] 异动股票: 0 只
[2026-06-23 14:30:00] 👁️ 盘中子Agent 启动
[2026-06-23 14:30:00] ==================================================
[2026-06-23 14:30:00] 👁️ 盘中实时监控
[2026-06-23 14:30:00] 大盘状态: 📈 温和上涨 (平均 +0.95%)
[2026-06-23 14:30:00] 异动股票: 0 只
[2026-06-23 14:45:00] 👁️ 盘中子Agent 启动
[2026-06-23 14:45:00] ==================================================
[2026-06-23 14:45:00] 📊 14:45 尾盘推荐
