[2026-06-04 07:00:00] 🦞 盘前子Agent 启动
[2026-06-04 07:00:00] ==================================================
[2026-06-04 07:00:00] 🦞 盘前Agent 启动 - 健康检测
[2026-06-04 07:00:05] 健康检测结果:
[2026-06-04 07:00:05]   新浪API: ❌ 失败: HTTPConnectionPool(host='hq.sinajs.cn', port=80): Read timed out. (read timeout=5)
[2026-06-04 07:00:05]   Git: ✅ 正常
[2026-06-04 07:00:05]   目录结构: ✅ 正常
[2026-06-04 07:00:05]   股票池: ✅ 17 只
[2026-06-04 08:25:03] 🦞 盘前子Agent 启动
[2026-06-04 08:25:03] ==================================================
[2026-06-04 08:25:03] 🔧 08:25 系统自检
[2026-06-04 08:25:03] 获取 17 只股票数据...
[2026-06-04 08:25:04]   上证指数: ¥11.08 🔴 +0.45%
[2026-06-04 08:25:04]   深证成指: ¥15591.13 🟢 -0.36%
[2026-06-04 08:25:04]   创业板指: ¥4055.87 🟢 -0.81%
[2026-06-04 08:25:04]   科创50: ¥38.72 🔴 +0.08%
[2026-06-04 08:25:04] 股票数据: 17/17 只有效
[2026-06-04 08:30:04] 🦞 盘前子Agent 启动
[2026-06-04 08:30:04] ==================================================
[2026-06-04 08:30:04] 📋 08:30 盘前简报生成
[2026-06-04 08:30:05] 推荐记录已写入: 8 只股票
[2026-06-04 09:28:00] 🦞 盘前子Agent 启动
[2026-06-04 09:28:00] ==================================================
[2026-06-04 09:28:00] 🎯 09:28 竞价推送
